Microchip MPLAB XC8 Compiler V2.31

Linker command line:

-W-3 --edf=C:\Program Files\Microchip\xc8\v2.31\pic\dat\en_msgs.txt -cn \
  -h+dist/default/production\Master.X.production.sym \
  --cmf=dist/default/production\Master.X.production.cmf -z -Q16F887 \
  -oC:\Users\User\AppData\Local\Temp\s924.3 --defsym=__MPLAB_BUILD=1 \
  -Mdist/default/production/Master.X.production.map -E1 -ver=XC8 Compiler \
  --acfsm=1493 -ASTACK=0110h-016Fh -pstack=STACK -ACODE=00h-07FFhx4 \
  -ASTRCODE=00h-01FFFh -ASTRING=00h-0FFhx32 -ACONST=00h-0FFhx32 \
  -AENTRY=00h-0FFhx32 -ACOMMON=070h-07Fh -ABANK0=020h-06Fh \
  -ABANK1=0A0h-0EFh -ABANK2=0110h-016Fh -ABANK3=0190h-01EFh \
  -ARAM=020h-06Fh,0A0h-0EFh,0110h-016Fh,0190h-01EFh \
  -AABS1=020h-07Fh,0A0h-0EFh,0110h-016Fh,0190h-01EFh -ASFR0=00h-01Fh \
  -ASFR1=080h-09Fh -ASFR2=0100h-010Fh -ASFR3=0180h-018Fh \
  -ACONFIG=02007h-02008h -DCONFIG=2 -AIDLOC=02000h-02003h -DIDLOC=2 \
  -AEEDATA=00h-0FFh/02100h -peeprom_data=EEDATA -DEEDATA=2 -DCODE=2 \
  -DSTRCODE=2 -DSTRING=2 -DCONST=2 -DENTRY=2 \
  -preset_vec=00h,intentry,init,end_init -ppowerup=CODE -pcinit=CODE \
  -pfunctab=ENTRY -k C:\Users\User\AppData\Local\Temp\s924.o \
  dist/default/production\Master.X.production.o 

Object code version is 3.11

Machine type is 16F887



                Name                               Link     Load   Length Selector   Space Scale
C:\Users\User\AppData\Local\Temp\s924.o
                end_init                              0        0        3        0       0
                config                             2007     2007        2        0       4
dist/default/production\Master.X.production.o
                cinit                               7EB      7EB       15      FD6       0
                config                             2007     2007        2        0       4
                text16                              3FC      3FC       9D      7F8       0
                text15                              265      265       2B      4CA       0
                text14                              1D6      1D6        A      3AC       0
                text13                              1E0      1E0        A      3C0       0
                text12                              1F4      1F4        B      3E8       0
                text11                              241      241       24      482       0
                text10                              226      226       1B      44C       0
                text9                               1FF      1FF       13      3FE       0
                text8                               212      212       14      424       0
                text7                               1EA      1EA        A      3D4       0
                text6                               553      553      298      AA6       0
                text5                               499      499       BA      932       0
                text4                               2C5      2C5       58      58A       0
                text3                               31D      31D       63      63A       0
                text2                               380      380       7C      700       0
                text1                               1CF      1CF        7      39E       0
                maintext                            290      290       35      520       0
                cstackBANK0                          20       20       2C       20       1
                cstackCOMMON                         70       70        E       70       1
                bssBANK0                             4C       4C        F       20       1

TOTAL           Name                               Link     Load   Length     Space
        CLASS   STACK          

        CLASS   CODE           
                end_init                              0        0        3         0
                cinit                               7EB      7EB       15         0
                text16                              3FC      3FC       9D         0
                text15                              265      265       2B         0
                text14                              1D6      1D6        A         0
                text13                              1E0      1E0        A         0
                text12                              1F4      1F4        B         0
                text11                              241      241       24         0
                text10                              226      226       1B         0
                text9                               1FF      1FF       13         0
                text8                               212      212       14         0
                text7                               1EA      1EA        A         0
                text6                               553      553      298         0
                text5                               499      499       BA         0
                text4                               2C5      2C5       58         0
                text3                               31D      31D       63         0
                text2                               380      380       7C         0
                text1                               1CF      1CF        7         0
                maintext                            290      290       35         0

        CLASS   STRCODE        

        CLASS   STRING         

        CLASS   CONST          

        CLASS   ENTRY          

        CLASS   COMMON         
                cstackCOMMON                         70       70        E         1

        CLASS   BANK0          
                cstackBANK0                          20       20       2C         1
                bssBANK0                             4C       4C        F         1

        CLASS   BANK1          

        CLASS   BANK2          

        CLASS   BANK3          

        CLASS   RAM            

        CLASS   ABS1           
                abs_s1                               7E       7E        2         1

        CLASS   SFR0           

        CLASS   SFR1           

        CLASS   SFR2           

        CLASS   SFR3           

        CLASS   CONFIG         
                config                             2007     2007        2         4

        CLASS   IDLOC          

        CLASS   EEDATA         



SEGMENTS        Name                           Load    Length   Top    Selector   Space  Class     Delta

                reset_vec                      000000  000003  000003         0       0  CODE        2
                cstackBANK0                    000020  00003B  00005B        20       1  BANK0       1
                cstackCOMMON                   000070  00000E  00007E        70       1  COMMON      1
                text1                          0001CF  000007  0001D6       39E       0  CODE        2
                text14                         0001D6  00000A  0001E0       3AC       0  CODE        2
                text13                         0001E0  00000A  0001EA       3C0       0  CODE        2
                text7                          0001EA  00000A  0001F4       3D4       0  CODE        2
                text12                         0001F4  00000B  0001FF       3E8       0  CODE        2
                text9                          0001FF  000013  000212       3FE       0  CODE        2
                text8                          000212  000014  000226       424       0  CODE        2
                text10                         000226  00001B  000241       44C       0  CODE        2
                text11                         000241  000024  000265       482       0  CODE        2
                text15                         000265  00002B  000290       4CA       0  CODE        2
                maintext                       000290  000035  0002C5       520       0  CODE        2
                text4                          0002C5  000058  00031D       58A       0  CODE        2
                text3                          00031D  000063  000380       63A       0  CODE        2
                text2                          000380  00007C  0003FC       700       0  CODE        2
                text16                         0003FC  00009D  000499       7F8       0  CODE        2
                text5                          000499  0000BA  000553       932       0  CODE        2
                text6                          000553  000298  0007EB       AA6       0  CODE        2
                cinit                          0007EB  000015  000800       FD6       0  CODE        2


UNUSED ADDRESS RANGES

        Name                Unused          Largest block    Delta
        BANK0            005B-006F             15           1
        BANK1            00A0-00EF             50           1
        BANK2            0110-016F             60           1
        BANK3            0190-01EF             60           1
        CODE             0003-01CE            1CC           2
                         0800-1FFF            800
        CONST            0003-01CE             FD           2
                         0800-1FFF            100
        EEDATA           2100-21FF            100           2
        ENTRY            0003-01CE             FD           2
                         0800-1FFF            100
        IDLOC            2000-2003              4           2
        RAM              005B-006F             15           1
                         00A0-00EF             50
                         0110-016F             60
                         0190-01EF             60
        SFR0             0000-001F             20           1
        SFR1             0080-009F             20           1
        SFR2             0100-010F             10           1
        SFR3             0180-018F             10           1
        STACK            0110-016F             60           1
        STRCODE          0003-01CE            1CC           2
                         0800-1FFF           1800
        STRING           0003-01CE             FD           2
                         0800-1FFF            100

                                  Symbol Table

?_LM75_read              cstackBANK0  0033
?___aldiv                cstackCOMMON 0070
?___fladd                cstackCOMMON 0070
?___fltol                cstackBANK0  003E
?___xxtofl               cstackCOMMON 0070
?_toFloat                cstackBANK0  0028
I2C_ack@acknowledge      cstackCOMMON 0070
I2C_init@speed           cstackCOMMON 007D
I2C_read@acknowledge     cstackCOMMON 0071
I2C_write@data           cstackCOMMON 0070
LM75_read@LSB            cstackBANK0  003B
LM75_read@MSB            cstackBANK0  0039
LM75_read@regAddress     cstackBANK0  003D
LM75_set@data            cstackCOMMON 0071
LM75_set@regAddress      cstackCOMMON 0073
_ACKDT                   (abs)        048D
_ACKEN                   (abs)        048C
_ACKSTAT                 (abs)        048E
_BAUDCTLbits             (abs)        0187
_I2C_ack                 text9        01FF
_I2C_init                text15       0265
_I2C_read                text8        0212
_I2C_restart             text7        01EA
_I2C_start               text14       01D6
_I2C_stop                text13       01E0
_I2C_write               text12       01F4
_INTCONbits              (abs)        000B
_LM75_init               text10       0226
_LM75_read               text3        031D
_LM75_set                text11       0241
_PEN                     (abs)        048A
_PIE1bits                (abs)        008C
_PORTB                   (abs)        0006
_RCEN                    (abs)        048B
_RCSTAbits               (abs)        0018
_RSEN                    (abs)        0489
_R_W                     (abs)        04A2
_SEN                     (abs)        0488
_SPBRG                   (abs)        0099
_SSPADD                  (abs)        0093
_SSPBUF                  (abs)        0013
_SSPCON                  (abs)        0014
_SSPCON2                 (abs)        0091
_SSPIF                   (abs)        0063
_SSPSTAT                 (abs)        0094
_TRISB                   (abs)        0086
_TRISC3                  (abs)        043B
_TRISC4                  (abs)        043C
_TRISCbits               (abs)        0087
_TRMT                    (abs)        04C1
_TXREG                   (abs)        0019
_TXSTAbits               (abs)        0098
__Habs1                  abs1         0000
__Hbank0                 bank0        0000
__Hbank1                 bank1        0000
__Hbank2                 bank2        0000
__Hbank3                 bank3        0000
__HbssBANK0              bssBANK0     0000
__Hcinit                 cinit        0800
__Hclrtext               clrtext      0000
__Hcode                  code         0000
__Hcommon                common       0000
__Hconfig                config       2009
__HcstackBANK0           cstackBANK0  0000
__HcstackCOMMON          cstackCOMMON 0000
__Heeprom_data           eeprom_data  0000
__Hend_init              end_init     0003
__Hfunctab               functab      0000
__Hinit                  init         0000
__Hintentry              intentry     0000
__Hmaintext              maintext     0000
__Hpowerup               powerup      0000
__Hram                   ram          0000
__Hreset_vec             reset_vec    0000
__Hsfr0                  sfr0         0000
__Hsfr1                  sfr1         0000
__Hsfr2                  sfr2         0000
__Hsfr3                  sfr3         0000
__Hspace_0               (abs)        0800
__Hspace_1               (abs)        007E
__Hspace_2               (abs)        0000
__Hspace_3               (abs)        0000
__Hspace_4               (abs)        4010
__Hstack                 stack        0000
__Hstrings               strings      0000
__Htext                  text         0000
__Labs1                  abs1         0000
__Lbank0                 bank0        0000
__Lbank1                 bank1        0000
__Lbank2                 bank2        0000
__Lbank3                 bank3        0000
__LbssBANK0              bssBANK0     0000
__Lcinit                 cinit        07EB
__Lclrtext               clrtext      0000
__Lcode                  code         0000
__Lcommon                common       0000
__Lconfig                config       0000
__LcstackBANK0           cstackBANK0  0000
__LcstackCOMMON          cstackCOMMON 0000
__Leeprom_data           eeprom_data  0000
__Lend_init              end_init     0000
__Lfunctab               functab      0000
__Linit                  init         0000
__Lintentry              intentry     0000
__Lmaintext              maintext     0000
__Lpowerup               powerup      0000
__Lram                   ram          0000
__Lreset_vec             reset_vec    0000
__Lsfr0                  sfr0         0000
__Lsfr1                  sfr1         0000
__Lsfr2                  sfr2         0000
__Lsfr3                  sfr3         0000
__Lspace_0               (abs)        0000
__Lspace_1               (abs)        0000
__Lspace_2               (abs)        0000
__Lspace_3               (abs)        0000
__Lspace_4               (abs)        0000
__Lstack                 stack        0000
__Lstrings               strings      0000
__Ltext                  text         0000
__S0                     (abs)        0800
__S1                     (abs)        007E
__S2                     (abs)        0000
__S3                     (abs)        0000
___aldiv                 text16       03FC
___aldiv@counter         cstackBANK0  0020
___aldiv@dividend        cstackCOMMON 0074
___aldiv@divisor         cstackCOMMON 0070
___aldiv@quotient        cstackBANK0  0022
___aldiv@sign            cstackBANK0  0021
___fladd                 text6        0553
___fladd@a               cstackCOMMON 0074
___fladd@aexp            cstackCOMMON 0079
___fladd@b               cstackCOMMON 0070
___fladd@bexp            cstackCOMMON 007A
___fladd@grs             cstackCOMMON 007B
___fladd@signs           cstackCOMMON 0078
___fltol                 text2        0380
___fltol@exp1            cstackBANK0  0048
___fltol@f1              cstackBANK0  003E
___fltol@sign1           cstackBANK0  0047
___int_sp                stack        0000
___latbits               (abs)        0002
___sp                    stack        0000
___stackhi               (abs)        0000
___stacklo               (abs)        0000
___xxtofl                text5        0499
___xxtofl@arg            cstackCOMMON 007A
___xxtofl@exp            cstackCOMMON 0079
___xxtofl@sign           cstackCOMMON 0078
___xxtofl@val            cstackCOMMON 0070
__end_of_I2C_ack         text9        0212
__end_of_I2C_init        text15       0290
__end_of_I2C_read        text8        0226
__end_of_I2C_restart     text7        01F4
__end_of_I2C_start       text14       01E0
__end_of_I2C_stop        text13       01EA
__end_of_I2C_write       text12       01FF
__end_of_LM75_init       text10       0241
__end_of_LM75_read       text3        0380
__end_of_LM75_set        text11       0265
__end_of___aldiv         text16       0499
__end_of___fladd         text6        07EB
__end_of___fltol         text2        03FC
__end_of___xxtofl        text5        0553
__end_of__initialization cinit        07FC
__end_of_main            maintext     02C5
__end_of_setup           text1        01D6
__end_of_toFloat         text4        031D
__initialization         cinit        07EB
__pbssBANK0              bssBANK0     004C
__pcstackBANK0           cstackBANK0  0020
__pcstackCOMMON          cstackCOMMON 0070
__pmaintext              maintext     0290
__ptext1                 text1        01CF
__ptext10                text10       0226
__ptext11                text11       0241
__ptext12                text12       01F4
__ptext13                text13       01E0
__ptext14                text14       01D6
__ptext15                text15       0265
__ptext16                text16       03FC
__ptext2                 text2        0380
__ptext3                 text3        031D
__ptext4                 text4        02C5
__ptext5                 text5        0499
__ptext6                 text6        0553
__ptext7                 text7        01EA
__ptext8                 text8        0212
__ptext9                 text9        01FF
__size_of_I2C_ack        (abs)        0000
__size_of_I2C_init       (abs)        0000
__size_of_I2C_read       (abs)        0000
__size_of_I2C_restart    (abs)        0000
__size_of_I2C_start      (abs)        0000
__size_of_I2C_stop       (abs)        0000
__size_of_I2C_write      (abs)        0000
__size_of_LM75_init      (abs)        0000
__size_of_LM75_read      (abs)        0000
__size_of_LM75_set       (abs)        0000
__size_of___aldiv        (abs)        0000
__size_of___fladd        (abs)        0000
__size_of___fltol        (abs)        0000
__size_of___xxtofl       (abs)        0000
__size_of_main           (abs)        0000
__size_of_setup          (abs)        0000
__size_of_toFloat        (abs)        0000
_main                    maintext     0290
_setup                   text1        01CF
_toFloat                 text4        02C5
btemp                    (abs)        007E
end_of_initialization    cinit        07FC
intlevel0                functab      0000
intlevel1                functab      0000
intlevel2                functab      0000
intlevel3                functab      0000
intlevel4                functab      0000
intlevel5                functab      0000
reset_vec                reset_vec    0000
start                    init         0000
start_initialization     cinit        07EB
toFloat@isfraction       cstackBANK0  002E
toFloat@result           cstackBANK0  002F
toFloat@tempr            cstackBANK0  0028
wtemp0                   (abs)        007E


FUNCTION INFORMATION:

 *************** function _main *****************
 Defined at:
		line 80 in file "main.c"
 Parameters:    Size  Location     Type
		None
 Auto vars:     Size  Location     Type
		None
 Return value:  Size  Location     Type
                  1    wreg      void 
 Registers used:
		wreg, status,2, status,0, btemp+1, pclath, cstack
 Tracked objects:
		On entry : 
		On exit  : 
		Unchanged: 
 Data sizes:     COMMON   BANK0   BANK1   BANK3   BANK2
      Params:         0       0       0       0       0
      Locals:         0       0       0       0       0
      Temps:          0       3       0       0       0
      Totals:         0       3       0       0       0
Total ram usage:        3 bytes
 Hardware stack levels required when called:    3
 This function calls:
		_LM75_init
		_LM75_read
		___fltol
		_setup
 This function is called by:
		Startup code after reset
 This function uses a non-reentrant model


 *************** function _setup *****************
 Defined at:
		line 75 in file "main.c"
 Parameters:    Size  Location     Type
		None
 Auto vars:     Size  Location     Type
		None
 Return value:  Size  Location     Type
                  1    wreg      void 
 Registers used:
		status,2
 Tracked objects:
		On entry : 
		On exit  : 
		Unchanged: 
 Data sizes:     COMMON   BANK0   BANK1   BANK3   BANK2
      Params:         0       0       0       0       0
      Locals:         0       0       0       0       0
      Temps:          0       0       0       0       0
      Totals:         0       0       0       0       0
Total ram usage:        0 bytes
 Hardware stack levels used:    1
 This function calls:
		Nothing
 This function is called by:
		_main
 This function uses a non-reentrant model


 *************** function ___fltol *****************
 Defined at:
		line 43 in file "C:\Program Files\Microchip\xc8\v2.31\pic\sources\c90\common\fltol.c"
 Parameters:    Size  Location     Type
  f1              4   30[BANK0 ] void 
 Auto vars:     Size  Location     Type
  exp1            1   40[BANK0 ] unsigned char 
  sign1           1   39[BANK0 ] unsigned char 
 Return value:  Size  Location     Type
                  4   30[BANK0 ] long 
 Registers used:
		wreg, status,2, status,0
 Tracked objects:
		On entry : 
		On exit  : 
		Unchanged: 
 Data sizes:     COMMON   BANK0   BANK1   BANK3   BANK2
      Params:         0       4       0       0       0
      Locals:         0       2       0       0       0
      Temps:          0       5       0       0       0
      Totals:         0      11       0       0       0
Total ram usage:       11 bytes
 Hardware stack levels used:    1
 This function calls:
		Nothing
 This function is called by:
		_main
 This function uses a non-reentrant model


 *************** function _LM75_read *****************
 Defined at:
		line 17 in file "./LM75.h"
 Parameters:    Size  Location     Type
  regAddress      1    wreg     unsigned char 
 Auto vars:     Size  Location     Type
  regAddress      1   29[BANK0 ] unsigned char 
  LSB             2   27[BANK0 ] int 
  MSB             2   25[BANK0 ] int 
 Return value:  Size  Location     Type
                  4   19[BANK0 ] float 
 Registers used:
		wreg, status,2, status,0, btemp+1, pclath, cstack
 Tracked objects:
		On entry : 
		On exit  : 
		Unchanged: 
 Data sizes:     COMMON   BANK0   BANK1   BANK3   BANK2
      Params:         0       4       0       0       0
      Locals:         0       5       0       0       0
      Temps:          0       2       0       0       0
      Totals:         0      11       0       0       0
Total ram usage:       11 bytes
 Hardware stack levels used:    1
 Hardware stack levels required when called:    2
 This function calls:
		_I2C_read
		_I2C_restart
		_I2C_start
		_I2C_stop
		_I2C_write
		_toFloat
 This function is called by:
		_main
 This function uses a non-reentrant model


 *************** function _toFloat *****************
 Defined at:
		line 73 in file "./LM75.h"
 Parameters:    Size  Location     Type
  tempr           2    8[BANK0 ] int 
 Auto vars:     Size  Location     Type
  result          4   15[BANK0 ] float 
  isfraction      1   14[BANK0 ] unsigned char 
 Return value:  Size  Location     Type
                  4    8[BANK0 ] float 
 Registers used:
		wreg, status,2, status,0, btemp+1, pclath, cstack
 Tracked objects:
		On entry : 
		On exit  : 
		Unchanged: 
 Data sizes:     COMMON   BANK0   BANK1   BANK3   BANK2
      Params:         0       4       0       0       0
      Locals:         0       5       0       0       0
      Temps:          0       2       0       0       0
      Totals:         0      11       0       0       0
Total ram usage:       11 bytes
 Hardware stack levels used:    1
 Hardware stack levels required when called:    1
 This function calls:
		___fladd
		___xxtofl
 This function is called by:
		_LM75_read
 This function uses a non-reentrant model


 *************** function ___xxtofl *****************
 Defined at:
		line 10 in file "C:\Program Files\Microchip\xc8\v2.31\pic\sources\c90\common\xxtofl.c"
 Parameters:    Size  Location     Type
  sign            1    wreg     unsigned char 
  val             4    0[COMMON] long 
 Auto vars:     Size  Location     Type
  sign            1    8[COMMON] unsigned char 
  arg             4   10[COMMON] unsigned long 
  exp             1    9[COMMON] unsigned char 
 Return value:  Size  Location     Type
                  4    0[COMMON] unsigned char 
 Registers used:
		wreg, status,2, status,0
 Tracked objects:
		On entry : 
		On exit  : 
		Unchanged: 
 Data sizes:     COMMON   BANK0   BANK1   BANK3   BANK2
      Params:         4       0       0       0       0
      Locals:         6       0       0       0       0
      Temps:          4       0       0       0       0
      Totals:        14       0       0       0       0
Total ram usage:       14 bytes
 Hardware stack levels used:    1
 This function calls:
		Nothing
 This function is called by:
		_toFloat
 This function uses a non-reentrant model


 *************** function ___fladd *****************
 Defined at:
		line 10 in file "C:\Program Files\Microchip\xc8\v2.31\pic\sources\c90\common\sprcadd.c"
 Parameters:    Size  Location     Type
  b               4    0[COMMON] unsigned char 
  a               4    4[COMMON] unsigned char 
 Auto vars:     Size  Location     Type
  grs             1   11[COMMON] unsigned char 
  bexp            1   10[COMMON] unsigned char 
  aexp            1    9[COMMON] unsigned char 
  signs           1    8[COMMON] unsigned char 
 Return value:  Size  Location     Type
                  4    0[COMMON] unsigned char 
 Registers used:
		wreg, status,2, status,0, btemp+1
 Tracked objects:
		On entry : 
		On exit  : 
		Unchanged: 
 Data sizes:     COMMON   BANK0   BANK1   BANK3   BANK2
      Params:         8       0       0       0       0
      Locals:         4       0       0       0       0
      Temps:          0       8       0       0       0
      Totals:        12       8       0       0       0
Total ram usage:       20 bytes
 Hardware stack levels used:    1
 This function calls:
		Nothing
 This function is called by:
		_toFloat
 This function uses a non-reentrant model


 *************** function _I2C_restart *****************
 Defined at:
		line 27 in file "./I2C.h"
 Parameters:    Size  Location     Type
		None
 Auto vars:     Size  Location     Type
		None
 Return value:  Size  Location     Type
                  1    wreg      void 
 Registers used:
		None
 Tracked objects:
		On entry : 
		On exit  : 
		Unchanged: 
 Data sizes:     COMMON   BANK0   BANK1   BANK3   BANK2
      Params:         0       0       0       0       0
      Locals:         0       0       0       0       0
      Temps:          0       0       0       0       0
      Totals:         0       0       0       0       0
Total ram usage:        0 bytes
 Hardware stack levels used:    1
 This function calls:
		Nothing
 This function is called by:
		_LM75_read
		_LM75_readConfig
 This function uses a non-reentrant model


 *************** function _I2C_read *****************
 Defined at:
		line 58 in file "./I2C.h"
 Parameters:    Size  Location     Type
  acknowledge     1    wreg     unsigned char 
 Auto vars:     Size  Location     Type
  acknowledge     1    1[COMMON] unsigned char 
 Return value:  Size  Location     Type
                  1    wreg      unsigned char 
 Registers used:
		wreg, status,2, status,0, pclath, cstack
 Tracked objects:
		On entry : 
		On exit  : 
		Unchanged: 
 Data sizes:     COMMON   BANK0   BANK1   BANK3   BANK2
      Params:         0       0       0       0       0
      Locals:         1       0       0       0       0
      Temps:          0       0       0       0       0
      Totals:         1       0       0       0       0
Total ram usage:        1 bytes
 Hardware stack levels used:    1
 Hardware stack levels required when called:    1
 This function calls:
		_I2C_ack
 This function is called by:
		_LM75_read
		_LM75_readConfig
 This function uses a non-reentrant model


 *************** function _I2C_ack *****************
 Defined at:
		line 41 in file "./I2C.h"
 Parameters:    Size  Location     Type
  acknowledge     1    wreg     unsigned char 
 Auto vars:     Size  Location     Type
  acknowledge     1    0[COMMON] unsigned char 
 Return value:  Size  Location     Type
                  1    wreg      void 
 Registers used:
		wreg
 Tracked objects:
		On entry : 
		On exit  : 
		Unchanged: 
 Data sizes:     COMMON   BANK0   BANK1   BANK3   BANK2
      Params:         0       0       0       0       0
      Locals:         1       0       0       0       0
      Temps:          0       0       0       0       0
      Totals:         1       0       0       0       0
Total ram usage:        1 bytes
 Hardware stack levels used:    1
 This function calls:
		Nothing
 This function is called by:
		_I2C_read
 This function uses a non-reentrant model


 *************** function _LM75_init *****************
 Defined at:
		line 8 in file "./LM75.h"
 Parameters:    Size  Location     Type
		None
 Auto vars:     Size  Location     Type
		None
 Return value:  Size  Location     Type
                  1    wreg      void 
 Registers used:
		wreg, status,2, status,0, pclath, cstack
 Tracked objects:
		On entry : 
		On exit  : 
		Unchanged: 
 Data sizes:     COMMON   BANK0   BANK1   BANK3   BANK2
      Params:         0       0       0       0       0
      Locals:         0       0       0       0       0
      Temps:          0       0       0       0       0
      Totals:         0       0       0       0       0
Total ram usage:        0 bytes
 Hardware stack levels used:    1
 Hardware stack levels required when called:    2
 This function calls:
		_I2C_init
		_LM75_set
 This function is called by:
		_main
 This function uses a non-reentrant model


 *************** function _LM75_set *****************
 Defined at:
		line 61 in file "./LM75.h"
 Parameters:    Size  Location     Type
  regAddress      1    wreg     unsigned char 
  data            2    1[COMMON] int 
 Auto vars:     Size  Location     Type
  regAddress      1    3[COMMON] unsigned char 
 Return value:  Size  Location     Type
                  1    wreg      void 
 Registers used:
		wreg, status,2, status,0, pclath, cstack
 Tracked objects:
		On entry : 
		On exit  : 
		Unchanged: 
 Data sizes:     COMMON   BANK0   BANK1   BANK3   BANK2
      Params:         2       0       0       0       0
      Locals:         1       0       0       0       0
      Temps:          0       0       0       0       0
      Totals:         3       0       0       0       0
Total ram usage:        3 bytes
 Hardware stack levels used:    1
 Hardware stack levels required when called:    1
 This function calls:
		_I2C_start
		_I2C_stop
		_I2C_write
 This function is called by:
		_LM75_init
 This function uses a non-reentrant model


 *************** function _I2C_write *****************
 Defined at:
		line 49 in file "./I2C.h"
 Parameters:    Size  Location     Type
  data            1    wreg     unsigned char 
 Auto vars:     Size  Location     Type
  data            1    0[COMMON] unsigned char 
 Return value:  Size  Location     Type
                  1    wreg      unsigned char 
 Registers used:
		wreg
 Tracked objects:
		On entry : 
		On exit  : 
		Unchanged: 
 Data sizes:     COMMON   BANK0   BANK1   BANK3   BANK2
      Params:         0       0       0       0       0
      Locals:         1       0       0       0       0
      Temps:          0       0       0       0       0
      Totals:         1       0       0       0       0
Total ram usage:        1 bytes
 Hardware stack levels used:    1
 This function calls:
		Nothing
 This function is called by:
		_LM75_read
		_LM75_set
		_LM75_setConfig
		_LM75_readConfig
 This function uses a non-reentrant model


 *************** function _I2C_stop *****************
 Defined at:
		line 34 in file "./I2C.h"
 Parameters:    Size  Location     Type
		None
 Auto vars:     Size  Location     Type
		None
 Return value:  Size  Location     Type
                  1    wreg      void 
 Registers used:
		None
 Tracked objects:
		On entry : 
		On exit  : 
		Unchanged: 
 Data sizes:     COMMON   BANK0   BANK1   BANK3   BANK2
      Params:         0       0       0       0       0
      Locals:         0       0       0       0       0
      Temps:          0       0       0       0       0
      Totals:         0       0       0       0       0
Total ram usage:        0 bytes
 Hardware stack levels used:    1
 This function calls:
		Nothing
 This function is called by:
		_LM75_read
		_LM75_set
		_LM75_setConfig
		_LM75_readConfig
 This function uses a non-reentrant model


 *************** function _I2C_start *****************
 Defined at:
		line 20 in file "./I2C.h"
 Parameters:    Size  Location     Type
		None
 Auto vars:     Size  Location     Type
		None
 Return value:  Size  Location     Type
                  1    wreg      void 
 Registers used:
		None
 Tracked objects:
		On entry : 
		On exit  : 
		Unchanged: 
 Data sizes:     COMMON   BANK0   BANK1   BANK3   BANK2
      Params:         0       0       0       0       0
      Locals:         0       0       0       0       0
      Temps:          0       0       0       0       0
      Totals:         0       0       0       0       0
Total ram usage:        0 bytes
 Hardware stack levels used:    1
 This function calls:
		Nothing
 This function is called by:
		_LM75_read
		_LM75_set
		_LM75_setConfig
		_LM75_readConfig
 This function uses a non-reentrant model


 *************** function _I2C_init *****************
 Defined at:
		line 10 in file "./I2C.h"
 Parameters:    Size  Location     Type
  speed           1    wreg     unsigned char 
 Auto vars:     Size  Location     Type
  speed           1   13[COMMON] unsigned char 
 Return value:  Size  Location     Type
                  1    wreg      void 
 Registers used:
		wreg, status,2, status,0, pclath, cstack
 Tracked objects:
		On entry : 
		On exit  : 
		Unchanged: 
 Data sizes:     COMMON   BANK0   BANK1   BANK3   BANK2
      Params:         0       0       0       0       0
      Locals:         1       0       0       0       0
      Temps:          4       0       0       0       0
      Totals:         5       0       0       0       0
Total ram usage:        5 bytes
 Hardware stack levels used:    1
 Hardware stack levels required when called:    1
 This function calls:
		___aldiv
 This function is called by:
		_LM75_init
 This function uses a non-reentrant model


 *************** function ___aldiv *****************
 Defined at:
		line 5 in file "C:\Program Files\Microchip\xc8\v2.31\pic\sources\c90\common\aldiv.c"
 Parameters:    Size  Location     Type
  divisor         4    0[COMMON] long 
  dividend        4    4[COMMON] long 
 Auto vars:     Size  Location     Type
  quotient        4    2[BANK0 ] long 
  sign            1    1[BANK0 ] unsigned char 
  counter         1    0[BANK0 ] unsigned char 
 Return value:  Size  Location     Type
                  4    0[COMMON] long 
 Registers used:
		wreg, status,2, status,0
 Tracked objects:
		On entry : 
		On exit  : 
		Unchanged: 
 Data sizes:     COMMON   BANK0   BANK1   BANK3   BANK2
      Params:         8       0       0       0       0
      Locals:         0       6       0       0       0
      Temps:          1       0       0       0       0
      Totals:         9       6       0       0       0
Total ram usage:       15 bytes
 Hardware stack levels used:    1
 This function calls:
		Nothing
 This function is called by:
		_I2C_init
 This function uses a non-reentrant model



MODULE INFORMATION

Module		Function		Class		Link	Load	Size
./LM75.h
		_toFloat       		CODE           	02C5	0000	88
		_LM75_read     		CODE           	031D	0000	99
		_LM75_init     		CODE           	0226	0000	27
		_LM75_set      		CODE           	0241	0000	36

./LM75.h estimated size: 250

C:\Program Files\Microchip\xc8\v2.31\pic\sources\c90\common\sprcadd.c
		___fladd       		CODE           	0553	0000	664

C:\Program Files\Microchip\xc8\v2.31\pic\sources\c90\common\sprcadd.c estimated size: 664

shared
		__initialization		CODE           	07EB	0000	17

shared estimated size: 17

C:\Program Files\Microchip\xc8\v2.31\pic\sources\c90\common\fltol.c
		___fltol       		CODE           	0380	0000	124

C:\Program Files\Microchip\xc8\v2.31\pic\sources\c90\common\fltol.c estimated size: 124

C:\Program Files\Microchip\xc8\v2.31\pic\sources\c90\common\xxtofl.c
		___xxtofl      		CODE           	0499	0000	186

C:\Program Files\Microchip\xc8\v2.31\pic\sources\c90\common\xxtofl.c estimated size: 186

C:\Program Files\Microchip\xc8\v2.31\pic\sources\c90\common\aldiv.c
		___aldiv       		CODE           	03FC	0000	157

C:\Program Files\Microchip\xc8\v2.31\pic\sources\c90\common\aldiv.c estimated size: 157

./I2C.h
		_I2C_stop      		CODE           	01E0	0000	10
		_I2C_read      		CODE           	0212	0000	20
		_I2C_init      		CODE           	0265	0000	43
		_I2C_ack       		CODE           	01FF	0000	19
		_I2C_start     		CODE           	01D6	0000	10
		_I2C_restart   		CODE           	01EA	0000	10
		_I2C_write     		CODE           	01F4	0000	11

./I2C.h estimated size: 123

main.c
		_main          		CODE           	0290	0000	53
		_setup         		CODE           	01CF	0000	7

main.c estimated size: 60

