Microchip MPLAB XC8 Compiler V2.31

Linker command line:

-W-3 --edf=C:\Program Files\Microchip\xc8\v2.31\pic\dat\en_msgs.txt -cn \
  -h+dist/default/production\Master.X.production.sym \
  --cmf=dist/default/production\Master.X.production.cmf -z -w9 \
  --disl=596:off --norlf -Q16F887 -oC:\Users\User\AppData\Local\Temp\s3gc.2 \
  --defsym=__MPLAB_BUILD=1 \
  -Mdist/default/production/Master.X.production.map -E1 -ver=XC8 Compiler \
  --acfsm=1493 -ACODE=00h-07FFhx4 -ASTRCODE=00h-01FFFh -ASTRING=00h-0FFhx32 \
  -ACONST=00h-0FFhx32 -AENTRY=00h-0FFhx32 -ACOMMON=070h-07Fh \
  -ABANK0=020h-06Fh -ABANK1=0A0h-0EFh -ABANK2=0110h-016Fh \
  -ABANK3=0190h-01EFh -ARAM=020h-06Fh,0A0h-0EFh,0110h-016Fh,0190h-01EFh \
  -AABS1=020h-07Fh,0A0h-0EFh,0110h-016Fh,0190h-01EFh -ASFR0=00h-01Fh \
  -ASFR1=080h-09Fh -ASFR2=0100h-010Fh -ASFR3=0180h-018Fh \
  -ACONFIG=02007h-02008h -DCONFIG=2 -AIDLOC=02000h-02003h -DIDLOC=2 \
  -AEEDATA=00h-0FFh/02100h -peeprom_data=EEDATA -DEEDATA=2 -DCODE=2 \
  -DSTRCODE=2 -DSTRING=2 -DCONST=2 -DENTRY=2 \
  -preset_vec=00h,intentry,init,end_init -ppowerup=CODE -pcinit=CODE \
  -pfunctab=ENTRY -k C:\Users\User\AppData\Local\Temp\s3gc.o \
  dist/default/production\Master.X.production.o 

Object code version is 3.11

Machine type is 16F887



                Name                               Link     Load   Length Selector   Space Scale
C:\Users\User\AppData\Local\Temp\s3gc.o
                end_init                              0        0        4        0       0
                config                             2007     2007        2        0       4
dist/default/production\Master.X.production.o
                cinit                               7FC      7FC        4      FF8       0
                config                             2007     2007        2        0       4
                text11                              6A4      6A4       66      D48       0
                text10                              66C      66C       38      CD8       0
                text9                               5F9      5F9       10      BF2       0
                text8                               5EC      5EC        D      BD8       0
                text7                               609      609       2E      C12       0
                text6                               5D0      5D0        9      BA0       0
                text5                               5D9      5D9        9      BB2       0
                text4                               5E2      5E2        A      BC4       0
                text3                               70A      70A       76      E14       0
                text2                               780      780       7C      F00       0
                text1                               5C9      5C9        7      B92       0
                maintext                            637      637       35      C6E       0
                cstackBANK0                          20       20       13       20       1
                cstackCOMMON                         70       70        E       70       1

TOTAL           Name                               Link     Load   Length     Space
        CLASS   CODE           
                end_init                              0        0        4         0
                cinit                               7FC      7FC        4         0
                text11                              6A4      6A4       66         0
                text10                              66C      66C       38         0
                text9                               5F9      5F9       10         0
                text8                               5EC      5EC        D         0
                text7                               609      609       2E         0
                text6                               5D0      5D0        9         0
                text5                               5D9      5D9        9         0
                text4                               5E2      5E2        A         0
                text3                               70A      70A       76         0
                text2                               780      780       7C         0
                text1                               5C9      5C9        7         0
                maintext                            637      637       35         0

        CLASS   STRCODE        

        CLASS   STRING         

        CLASS   CONST          

        CLASS   ENTRY          

        CLASS   COMMON         
                cstackCOMMON                         70       70        E         1

        CLASS   BANK0          
                cstackBANK0                          20       20       13         1

        CLASS   BANK1          

        CLASS   BANK2          

        CLASS   BANK3          

        CLASS   RAM            

        CLASS   ABS1           
                abs_s1                               7E       7E        2         1

        CLASS   SFR0           

        CLASS   SFR1           

        CLASS   SFR2           

        CLASS   SFR3           

        CLASS   CONFIG         
                config                             2007     2007        2         4

        CLASS   IDLOC          

        CLASS   EEDATA         

        CLASS   STACK          



SEGMENTS        Name                           Load    Length   Top    Selector   Space  Class     Delta

                reset_vec                      000000  000004  000004         0       0  CODE        2
                cstackBANK0                    000020  000013  000033        20       1  BANK0       1
                cstackCOMMON                   000070  00000E  00007E        70       1  COMMON      1
                text1                          0005C9  000007  0005D0       B92       0  CODE        2
                text6                          0005D0  000009  0005D9       BA0       0  CODE        2
                text5                          0005D9  000009  0005E2       BB2       0  CODE        2
                text4                          0005E2  00000A  0005EC       BC4       0  CODE        2
                text8                          0005EC  00000D  0005F9       BD8       0  CODE        2
                text9                          0005F9  000010  000609       BF2       0  CODE        2
                text7                          000609  00002E  000637       C12       0  CODE        2
                maintext                       000637  000035  00066C       C6E       0  CODE        2
                text10                         00066C  000038  0006A4       CD8       0  CODE        2
                text11                         0006A4  000066  00070A       D48       0  CODE        2
                text3                          00070A  000076  000780       E14       0  CODE        2
                text2                          000780  00007C  0007FC       F00       0  CODE        2
                cinit                          0007FC  000004  000800       FF8       0  CODE        2


UNUSED ADDRESS RANGES

        Name                Unused          Largest block    Delta
        BANK0            0033-006F             3D           1
        BANK1            00A0-00EF             50           1
        BANK2            0110-016F             60           1
        BANK3            0190-01EF             60           1
        CODE             0004-05C8            5C5           2
                         0800-1FFF            800
        CONST            0004-05C8            100           2
                         0800-1FFF            100
        EEDATA           2100-21FF            100           2
        ENTRY            0004-05C8            100           2
                         0800-1FFF            100
        IDLOC            2000-2003              4           2
        RAM              0033-006F             3D           1
                         00A0-00EF             50
                         0110-016F             60
                         0190-01EF             60
        SFR0             0000-001F             20           1
        SFR1             0080-009F             20           1
        SFR2             0100-010F             10           1
        SFR3             0180-018F             10           1
        STRCODE          0004-05C8            5C5           2
                         0800-1FFF           1800
        STRING           0004-05C8            100           2
                         0800-1FFF            100

                                  Symbol Table

__Habs1                    abs1         0000
__Hbank0                   bank0        0000
__Hbank1                   bank1        0000
__Hbank2                   bank2        0000
__Hbank3                   bank3        0000
__Hclrtext                 clrtext      0000
__Hcode                    code         0000
__Hcommon                  common       0000
__HcstackBANK0             cstackBANK0  0000
__HcstackCOMMON            cstackCOMMON 0000
__Heeprom_data             eeprom_data  0000
__Hfunctab                 functab      0000
__Hinit                    init         0000
__Hintentry                intentry     0000
__Hmaintext                maintext     0000
__Hpowerup                 powerup      0000
__Hram                     ram          0000
__Hreset_vec               reset_vec    0000
__Hsfr0                    sfr0         0000
__Hsfr1                    sfr1         0000
__Hsfr2                    sfr2         0000
__Hsfr3                    sfr3         0000
__Hspace_2                 (abs)        0000
__Hspace_3                 (abs)        0000
__Hstack                   stack        0000
__Hstrings                 strings      0000
__Htext                    text         0000
__Labs1                    abs1         0000
__Lbank0                   bank0        0000
__Lbank1                   bank1        0000
__Lbank2                   bank2        0000
__Lbank3                   bank3        0000
__Lclrtext                 clrtext      0000
__Lcode                    code         0000
__Lcommon                  common       0000
__Lconfig                  config       0000
__LcstackBANK0             cstackBANK0  0000
__LcstackCOMMON            cstackCOMMON 0000
__Leeprom_data             eeprom_data  0000
__Lend_init                end_init     0000
__Lfunctab                 functab      0000
__Linit                    init         0000
__Lintentry                intentry     0000
__Lmaintext                maintext     0000
__Lpowerup                 powerup      0000
__Lram                     ram          0000
__Lreset_vec               reset_vec    0000
__Lsfr0                    sfr0         0000
__Lsfr1                    sfr1         0000
__Lsfr2                    sfr2         0000
__Lsfr3                    sfr3         0000
__Lspace_0                 (abs)        0000
__Lspace_1                 (abs)        0000
__Lspace_2                 (abs)        0000
__Lspace_3                 (abs)        0000
__Lspace_4                 (abs)        0000
__Lstack                   stack        0000
__Lstrings                 strings      0000
__Ltext                    text         0000
__S3                       (abs)        0000
___int_sp                  stack        0000
___sp                      stack        0000
___stackhi                 (abs)        0000
___stacklo                 (abs)        0000
__size_of_I2C_Master_Init  (abs)        0000
__size_of_I2C_Master_Read  (abs)        0000
__size_of_I2C_Master_Start (abs)        0000
__size_of_I2C_Master_Stop  (abs)        0000
__size_of_I2C_Master_Wait  (abs)        0000
__size_of_I2C_Master_Write (abs)        0000
__size_of_LM75_init        (abs)        0000
__size_of_LM75_read        (abs)        0000
__size_of___fltol          (abs)        0000
__size_of___lldiv          (abs)        0000
__size_of_main             (abs)        0000
__size_of_setup            (abs)        0000
_toFloat                                    
intlevel0                  functab      0000
intlevel1                  functab      0000
intlevel2                  functab      0000
intlevel3                  functab      0000
intlevel4                  functab      0000
intlevel5                  functab      0000
___latbits                 (abs)        0002
_PORTB                     (abs)        0006
__Hend_init                end_init     0004
_SSPBUF                    (abs)        0013
_SSPCON                    (abs)        0014
I2C_Master_Init@c          cstackBANK0  0020
LM75_read@MSB              cstackBANK0  0020
__pcstackBANK0             cstackBANK0  0020
LM75_read@LSB              cstackBANK0  0022
LM75_read@regAddress       cstackBANK0  0024
?___fltol                  cstackBANK0  0025
___fltol@f1                cstackBANK0  0025
___fltol@sign1             cstackBANK0  002E
___fltol@exp1              cstackBANK0  002F
_PEIE                      (abs)        005E
_GIE                       (abs)        005F
_SSPIF                     (abs)        0063
?_I2C_Master_Read          cstackCOMMON 0070
?___lldiv                  cstackCOMMON 0070
I2C_Master_Read@a          cstackCOMMON 0070
I2C_Master_Write@d         cstackCOMMON 0070
___lldiv@divisor           cstackCOMMON 0070
__pcstackCOMMON            cstackCOMMON 0070
_toFloat$0                 cstackCOMMON 0070
I2C_Master_Read@temp       cstackCOMMON 0074
___lldiv@dividend          cstackCOMMON 0074
?_LM75_read                cstackCOMMON 0076
___lldiv@quotient          cstackCOMMON 0079
___lldiv@counter           cstackCOMMON 007D
__Hspace_1                 (abs)        007E
__S1                       (abs)        007E
btemp                      (abs)        007E
_TRISB                     (abs)        0086
_TRISCbits                 (abs)        0087
_SSPCON2                   (abs)        0091
_SSPCON2bits               (abs)        0091
_SSPADD                    (abs)        0093
_SSPSTAT                   (abs)        0094
_TRISC3                    (abs)        043B
_TRISC4                    (abs)        043C
_SSPIE                     (abs)        0463
__Hspace_0                 (abs)        0800
__S0                       (abs)        0800
__ptext1                   text1        05C9
_setup                     text1        05C9
_I2C_Master_Start          text6        05D0
__end_of_setup             text1        05D0
__ptext6                   text6        05D0
_I2C_Master_Stop           text5        05D9
__end_of_I2C_Master_Start  text6        05D9
__ptext5                   text5        05D9
_I2C_Master_Write          text4        05E2
__end_of_I2C_Master_Stop   text5        05E2
__ptext4                   text4        05E2
_I2C_Master_Wait           text8        05EC
__end_of_I2C_Master_Write  text4        05EC
__ptext8                   text8        05EC
_LM75_init                 text9        05F9
__end_of_I2C_Master_Wait   text8        05F9
__ptext9                   text9        05F9
_I2C_Master_Read           text7        0609
__end_of_LM75_init         text9        0609
__ptext7                   text7        0609
__end_of_I2C_Master_Read   text7        0637
__pmaintext                maintext     0637
_main                      maintext     0637
_I2C_Master_Init           text10       066C
__end_of_main              maintext     066C
__ptext10                  text10       066C
___lldiv                   text11       06A4
__end_of_I2C_Master_Init   text10       06A4
__ptext11                  text11       06A4
_LM75_read                 text3        070A
__end_of___lldiv           text11       070A
__ptext3                   text3        070A
___fltol                   text2        0780
__end_of_LM75_read         text3        0780
__ptext2                   text2        0780
__Lcinit                   cinit        07FC
__end_of___fltol           text2        07FC
__end_of__initialization   cinit        07FC
__initialization           cinit        07FC
end_of_initialization      cinit        07FC
__Hcinit                   cinit        0800
__Hspace_4                 (abs)        4010
__Hconfig                  config       2009
reset_vec                  reset_vec    0000
start                      init         0000
wtemp0                     (abs)        007E
start_initialization       cinit        07FC
