Microchip MPLAB XC8 Compiler V2.31

Linker command line:

-W-3 --edf=C:\Program Files\Microchip\xc8\v2.31\pic\dat\en_msgs.txt -cn \
  -h+dist/default/production\Master.X.production.sym \
  --cmf=dist/default/production\Master.X.production.cmf -z -Q16F887 \
  -oC:\Users\User\AppData\Local\Temp\s6q8.2 --defsym=__MPLAB_BUILD=1 \
  -Mdist/default/production/Master.X.production.map -E1 -ver=XC8 Compiler \
  --acfsm=1493 -ASTACK=0110h-016Fh -pstack=STACK -ACODE=00h-07FFhx4 \
  -ASTRCODE=00h-01FFFh -ASTRING=00h-0FFhx32 -ACONST=00h-0FFhx32 \
  -AENTRY=00h-0FFhx32 -ACOMMON=070h-07Fh -ABANK0=020h-06Fh \
  -ABANK1=0A0h-0EFh -ABANK2=0110h-016Fh -ABANK3=0190h-01EFh \
  -ARAM=020h-06Fh,0A0h-0EFh,0110h-016Fh,0190h-01EFh \
  -AABS1=020h-07Fh,0A0h-0EFh,0110h-016Fh,0190h-01EFh -ASFR0=00h-01Fh \
  -ASFR1=080h-09Fh -ASFR2=0100h-010Fh -ASFR3=0180h-018Fh \
  -ACONFIG=02007h-02008h -DCONFIG=2 -AIDLOC=02000h-02003h -DIDLOC=2 \
  -AEEDATA=00h-0FFh/02100h -peeprom_data=EEDATA -DEEDATA=2 -DCODE=2 \
  -DSTRCODE=2 -DSTRING=2 -DCONST=2 -DENTRY=2 \
  -preset_vec=00h,intentry,init,end_init -ppowerup=CODE -pcinit=CODE \
  -pfunctab=ENTRY -k C:\Users\User\AppData\Local\Temp\s6q8.o \
  dist/default/production\Master.X.production.o 

Object code version is 3.11

Machine type is 16F887



                Name                               Link     Load   Length Selector   Space Scale
C:\Users\User\AppData\Local\Temp\s6q8.o
                end_init                              0        0        3        0       0
                config                             2007     2007        2        0       4
dist/default/production\Master.X.production.o
                cinit                               7E3      7E3       1D      FC6       0
                text2_split_1                       1BA      1BA      629      374       0
                config                             2007     2007        2        0       4
                text35                             18EA     18EA       15     31D4       0
                text34                             1895     1895        6     312A       0
                text33                             1915     1915       1A     322A       0
                text32                             18B7     18B7        D     316E       0
                text31                             19F1     19F1       41     33E2       0
                text30                             194A     194A       24     3294       0
                text29                             192F     192F       1B     325E       0
                text28                             1A32     1A32       42     3464       0
                text27                             18D6     18D6       14     31AC       0
                text26                             18FF     18FF       16     31FE       0
                text25                              800      800        7      FC6       0
                text24                             18A3     18A3        9     3146       0
                text23                             1AB8     1AB8       4E     3570       0
                text22                             1C99     1C99       A2     3932       0
                text21                             18AC     18AC        B     3158       0
                text20                             12B3     12B3      288     2566       0
                text19                             196E     196E       24     32DC       0
                text18                              807      807       7C     100E       0
                text17                             1B5F     1B5F       66     36BE       0
                text16                             1001     1001       56     2002       0
                text15                             1992     1992       25     3324       0
                text14                             1D3B     1D3B       BA     3A76       0
                text13                               FC       FC       BE      1F8       0
                text12                              883      883       BD     1106       0
                text11                               D5       D5       27      1AA       0
                text10                              C9F      C9F      361     193E       0
                text9                              1A74     1A74       44     34E8       0
                text8                              19B7     19B7       3A     336E       0
                text7                              1DF5     1DF5      20B     3BEA       0
                text6                              18C4     18C4       12     3188       0
                text5                              1BC5     1BC5       69     378A       0
                text4                              1B06     1B06       59     360C       0
                text3                               940      940      35F     1280       0
                text2                              153B     153B      2C5     2A76       0
                text1                              1C2E     1C2E       6B     385C       0
                maintext                           1057     1057      25C     20AE       0
                cstackBANK0                          20       20       4E       20       1
                cstackCOMMON                         70       70        E       70       1
                cstackBANK1                          A0       A0       2A       A0       1
                clrtext                            189B     189B        8     3136       0
                bssBANK3                            190      190       28      190       1
                bssBANK1                             CA       CA       25       A0       1
                dataBANK0                            6F       6F        1       20       1
                bssBANK0                             6E       6E        1       20       1
                strings                               3        3       D0        6       0
                idataBANK0                           D4       D4        1      1A8       0

TOTAL           Name                               Link     Load   Length     Space
        CLASS   STACK          

        CLASS   CODE           
                end_init                              0        0        3         0
                cinit                               7E3      7E3       1D         0
                text2_split_1                       1BA      1BA      629         0
                text35                             18EA     18EA       15         0
                text34                             1895     1895        6         0
                text33                             1915     1915       1A         0
                text32                             18B7     18B7        D         0
                text31                             19F1     19F1       41         0
                text30                             194A     194A       24         0
                text29                             192F     192F       1B         0
                text28                             1A32     1A32       42         0
                text27                             18D6     18D6       14         0
                text26                             18FF     18FF       16         0
                text25                              800      800        7         0
                text24                             18A3     18A3        9         0
                text23                             1AB8     1AB8       4E         0
                text22                             1C99     1C99       A2         0
                text21                             18AC     18AC        B         0
                text20                             12B3     12B3      288         0
                text19                             196E     196E       24         0
                text18                              807      807       7C         0
                text17                             1B5F     1B5F       66         0
                text16                             1001     1001       56         0
                text15                             1992     1992       25         0
                text14                             1D3B     1D3B       BA         0
                text13                               FC       FC       BE         0
                text12                              883      883       BD         0
                text11                               D5       D5       27         0
                text10                              C9F      C9F      361         0
                text9                              1A74     1A74       44         0
                text8                              19B7     19B7       3A         0
                text7                              1DF5     1DF5      20B         0
                text6                              18C4     18C4       12         0
                text5                              1BC5     1BC5       69         0
                text4                              1B06     1B06       59         0
                text3                               940      940      35F         0
                text2                              153B     153B      2C5         0
                text1                              1C2E     1C2E       6B         0
                maintext                           1057     1057      25C         0
                clrtext                            189B     189B        8         0
                idataBANK0                           D4       D4        1         0

        CLASS   STRCODE        

        CLASS   STRING         
                strings                               3        3       D0         0

        CLASS   CONST          

        CLASS   ENTRY          

        CLASS   COMMON         
                cstackCOMMON                         70       70        E         1

        CLASS   BANK0          
                cstackBANK0                          20       20       4E         1
                dataBANK0                            6F       6F        1         1
                bssBANK0                             6E       6E        1         1

        CLASS   BANK1          
                cstackBANK1                          A0       A0       2A         1
                bssBANK1                             CA       CA       25         1

        CLASS   BANK2          

        CLASS   BANK3          
                bssBANK3                            190      190       28         1

        CLASS   RAM            

        CLASS   ABS1           
                abs_s1                               7E       7E        2         1

        CLASS   SFR0           

        CLASS   SFR1           

        CLASS   SFR2           

        CLASS   SFR3           

        CLASS   CONFIG         
                config                             2007     2007        2         4

        CLASS   IDLOC          

        CLASS   EEDATA         



SEGMENTS        Name                           Load    Length   Top    Selector   Space  Class     Delta

                reset_vec                      000000  000003  000003         0       0  CODE        2
                strings                        000003  0000D0  0000D3         6       0  STRING      2
                cstackBANK0                    000020  000050  000070        20       1  BANK0       1
                cstackCOMMON                   000070  00000E  00007E        70       1  COMMON      1
                cstackBANK1                    0000A0  00004F  0000EF        A0       1  BANK1       1
                bssBANK3                       000190  000028  0001B8       190       1  BANK3       1
                idataBANK0                     0000D4  000001  0000D5       1A8       0  CODE        2
                text11                         0000D5  000027  0000FC       1AA       0  CODE        2
                text13                         0000FC  0000BE  0001BA       1F8       0  CODE        2
                text2_split_1                  0001BA  000629  0007E3       374       0  CODE        2
                cinit                          0007E3  000024  000807       FC6       0  CODE        2
                text18                         000807  00007C  000883      100E       0  CODE        2
                text12                         000883  0000BD  000940      1106       0  CODE        2
                text3                          000940  00035F  000C9F      1280       0  CODE        2
                text10                         000C9F  000361  001000      193E       0  CODE        2
                text16                         001001  000056  001057      2002       0  CODE        2
                maintext                       001057  00025C  0012B3      20AE       0  CODE        2
                text20                         0012B3  000288  00153B      2566       0  CODE        2
                text2                          00153B  0002C5  001800      2A76       0  CODE        2
                text34                         001895  000006  00189B      312A       0  CODE        2
                clrtext                        00189B  000008  0018A3      3136       0  CODE        2
                text24                         0018A3  000009  0018AC      3146       0  CODE        2
                text21                         0018AC  00000B  0018B7      3158       0  CODE        2
                text32                         0018B7  00000D  0018C4      316E       0  CODE        2
                text6                          0018C4  000012  0018D6      3188       0  CODE        2
                text27                         0018D6  000014  0018EA      31AC       0  CODE        2
                text35                         0018EA  000015  0018FF      31D4       0  CODE        2
                text26                         0018FF  000016  001915      31FE       0  CODE        2
                text33                         001915  00001A  00192F      322A       0  CODE        2
                text29                         00192F  00001B  00194A      325E       0  CODE        2
                text30                         00194A  000024  00196E      3294       0  CODE        2
                text19                         00196E  000024  001992      32DC       0  CODE        2
                text15                         001992  000025  0019B7      3324       0  CODE        2
                text8                          0019B7  00003A  0019F1      336E       0  CODE        2
                text31                         0019F1  000041  001A32      33E2       0  CODE        2
                text28                         001A32  000042  001A74      3464       0  CODE        2
                text9                          001A74  000044  001AB8      34E8       0  CODE        2
                text23                         001AB8  00004E  001B06      3570       0  CODE        2
                text4                          001B06  000059  001B5F      360C       0  CODE        2
                text17                         001B5F  000066  001BC5      36BE       0  CODE        2
                text5                          001BC5  000069  001C2E      378A       0  CODE        2
                text1                          001C2E  00006B  001C99      385C       0  CODE        2
                text22                         001C99  0000A2  001D3B      3932       0  CODE        2
                text14                         001D3B  0000BA  001DF5      3A76       0  CODE        2
                text7                          001DF5  00020B  002000      3BEA       0  CODE        2


UNUSED ADDRESS RANGES

        Name                Unused          Largest block    Delta
        BANK1            000EF-000EF               1           1
        BANK2            00110-0016F              60           1
        BANK3            001B8-001EF              38           1
        CODE             000D3-000D3               1           2
                         01000-01000               1
                         01800-01894              95
        CONST            000D3-000D3               1           2
                         01000-01000               1
                         01800-01894              95
        EEDATA           02100-021FF             100           2
        ENTRY            000D3-000D3               1           2
                         01000-01000               1
                         01800-01894              95
        IDLOC            02000-02003               4           2
        RAM              000EF-000EF               1           1
                         00110-0016F              60
                         001B8-001EF              38
        SFR0             00000-0001F              20           1
        SFR1             00080-0009F              20           1
        SFR2             00100-0010F              10           1
        SFR3             00180-0018F              10           1
        STACK            00110-0016F              60           1
        STRCODE          000D3-000D3               1           2
                         01000-01000               1
                         01800-01894              95
        STRING           000D3-000D3               1           2
                         01000-01000               1
                         01800-01894              95

                                  Symbol Table

?__Umul8_16                cstackCOMMON 00070
?___awdiv                  cstackCOMMON 00077
?___awmod                  cstackCOMMON 00070
?___fladd                  cstackBANK0  00052
?___flmul                  cstackBANK0  00024
?___flneg                  cstackCOMMON 00070
?___flsub                  cstackBANK0  00066
?___fltol                  cstackBANK0  00051
?___lldiv                  cstackCOMMON 00070
?___llmod                  cstackBANK0  00020
?___lwdiv                  cstackCOMMON 00076
?___lwmod                  cstackCOMMON 00070
?___wmul                   cstackCOMMON 00070
?___xxtofl                 cstackCOMMON 00070
?__div_to_l_               cstackCOMMON 00070
?__tdiv_to_l_              cstackCOMMON 00070
?_fround                   cstackBANK0  0003E
?_scale                    cstackBANK0  0003E
?_sprintf                  cstackBANK1  000A0
Lcd_Cmd@a                  cstackCOMMON 00073
Lcd_Port@a                 cstackCOMMON 00070
Lcd_Set_Cursor@a           cstackCOMMON 00076
Lcd_Set_Cursor@b           cstackCOMMON 00074
Lcd_Set_Cursor@temp        cstackCOMMON 00077
Lcd_Write_Char@a           cstackCOMMON 00072
Lcd_Write_String@a         cstackCOMMON 00073
Lcd_Write_String@i         cstackCOMMON 00078
_ANSEL                     (abs)        00188
_BAUDCTLbits               (abs)        00187
_INIT_UART                 text35       018EA
_INTCONbits                (abs)        0000B
_Lcd_Clear                 text32       018B7
_Lcd_Cmd                   text33       01915
_Lcd_Init                  text31       019F1
_Lcd_Port                  text34       01895
_Lcd_Set_Cursor            text30       0194A
_Lcd_Write_Char            text29       0192F
_Lcd_Write_String          text28       01A32
_PIE1bits                  (abs)        0008C
_PORTAbits                 (abs)        00005
_PORTB                     (abs)        00006
_PORTC                     (abs)        00007
_PORTCbits                 (abs)        00007
_PORTD                     (abs)        00008
_PORTE                     (abs)        00009
_PORTEbits                 (abs)        00009
_RCSTAbits                 (abs)        00018
_SPBRG                     (abs)        00099
_SSPBUF                    (abs)        00013
_SSPCON                    (abs)        00014
_SSPSTAT                   (abs)        00094
_SSPSTATbits               (abs)        00094
_TRISB                     (abs)        00086
_TRISC                     (abs)        00087
_TRISC3                    (abs)        0043B
_TRISC5                    (abs)        0043D
_TRISCbits                 (abs)        00087
_TRISD                     (abs)        00088
_TRISE                     (abs)        00089
_TRMT                      (abs)        004C1
_TXREG                     (abs)        00019
_TXSTAbits                 (abs)        00098
__Habs1                    abs1         00000
__Hbank0                   bank0        00000
__Hbank1                   bank1        00000
__Hbank2                   bank2        00000
__Hbank3                   bank3        00000
__HbssBANK0                bssBANK0     00000
__HbssBANK1                bssBANK1     00000
__HbssBANK3                bssBANK3     00000
__Hcinit                   cinit        00800
__Hclrtext                 clrtext      00000
__Hcode                    code         00000
__Hcommon                  common       00000
__Hconfig                  config       02009
__HcstackBANK0             cstackBANK0  00000
__HcstackBANK1             cstackBANK1  00000
__HcstackCOMMON            cstackCOMMON 00000
__HdataBANK0               dataBANK0    00000
__Heeprom_data             eeprom_data  00000
__Hend_init                end_init     00003
__Hfunctab                 functab      00000
__HidataBANK0              idataBANK0   00000
__Hinit                    init         00000
__Hintentry                intentry     00000
__Hmaintext                maintext     00000
__Hpowerup                 powerup      00000
__Hram                     ram          00000
__Hreset_vec               reset_vec    00000
__Hsfr0                    sfr0         00000
__Hsfr1                    sfr1         00000
__Hsfr2                    sfr2         00000
__Hsfr3                    sfr3         00000
__Hspace_0                 (abs)        02000
__Hspace_1                 (abs)        001B8
__Hspace_2                 (abs)        00000
__Hspace_3                 (abs)        00000
__Hspace_4                 (abs)        04010
__Hstack                   stack        00000
__Hstrings                 strings      00000
__Htext                    text         00000
__Labs1                    abs1         00000
__Lbank0                   bank0        00000
__Lbank1                   bank1        00000
__Lbank2                   bank2        00000
__Lbank3                   bank3        00000
__LbssBANK0                bssBANK0     00000
__LbssBANK1                bssBANK1     00000
__LbssBANK3                bssBANK3     00000
__Lcinit                   cinit        007E3
__Lclrtext                 clrtext      00000
__Lcode                    code         00000
__Lcommon                  common       00000
__Lconfig                  config       00000
__LcstackBANK0             cstackBANK0  00000
__LcstackBANK1             cstackBANK1  00000
__LcstackCOMMON            cstackCOMMON 00000
__LdataBANK0               dataBANK0    00000
__Leeprom_data             eeprom_data  00000
__Lend_init                end_init     00000
__Lfunctab                 functab      00000
__LidataBANK0              idataBANK0   00000
__Linit                    init         00000
__Lintentry                intentry     00000
__Lmaintext                maintext     00000
__Lpowerup                 powerup      00000
__Lram                     ram          00000
__Lreset_vec               reset_vec    00000
__Lsfr0                    sfr0         00000
__Lsfr1                    sfr1         00000
__Lsfr2                    sfr2         00000
__Lsfr3                    sfr3         00000
__Lspace_0                 (abs)        00000
__Lspace_1                 (abs)        00000
__Lspace_2                 (abs)        00000
__Lspace_3                 (abs)        00000
__Lspace_4                 (abs)        00000
__Lstack                   stack        00000
__Lstrings                 strings      00000
__Ltext                    text         00000
__S0                       (abs)        02000
__S1                       (abs)        001B8
__S2                       (abs)        00000
__S3                       (abs)        00000
__Umul8_16                 text11       000D5
__Umul8_16@multiplicand    cstackCOMMON 00070
__Umul8_16@multiplier      cstackCOMMON 00078
__Umul8_16@product         cstackCOMMON 00074
__Umul8_16@word_mpld       cstackCOMMON 00076
___awdiv                   text5        01BC5
___awdiv@counter           cstackBANK0  00020
___awdiv@dividend          cstackCOMMON 00079
___awdiv@divisor           cstackCOMMON 00077
___awdiv@quotient          cstackBANK0  00022
___awdiv@sign              cstackBANK0  00021
___awmod                   text4        01B06
___awmod@counter           cstackCOMMON 00075
___awmod@dividend          cstackCOMMON 00072
___awmod@divisor           cstackCOMMON 00070
___awmod@sign              cstackCOMMON 00076
___fladd                   text20       012B3
___fladd@a                 cstackBANK0  00056
___fladd@aexp              cstackBANK0  00063
___fladd@b                 cstackBANK0  00052
___fladd@bexp              cstackBANK0  00064
___fladd@grs               cstackBANK0  00065
___fladd@signs             cstackBANK0  00062
___fleq                    text23       01AB8
___fleq@ff1                cstackCOMMON 00070
___fleq@ff2                cstackCOMMON 00074
___flge                    text22       01C99
___flge@ff1                cstackCOMMON 00070
___flge@ff2                cstackCOMMON 00074
___flmul                   text10       00C9F
___flmul@a                 cstackBANK0  00028
___flmul@aexp              cstackBANK0  00036
___flmul@b                 cstackBANK0  00024
___flmul@bexp              cstackBANK0  00037
___flmul@grs               cstackBANK0  00032
___flmul@prod              cstackBANK0  00038
___flmul@sign              cstackBANK0  00031
___flmul@temp              cstackBANK0  0003C
___flneg                   text21       018AC
___flneg@f1                cstackCOMMON 00070
___flsub                   text19       0196E
___flsub@a                 cstackBANK0  00066
___flsub@b                 cstackBANK0  0006A
___fltol                   text18       00807
___fltol@exp1              cstackBANK0  0005B
___fltol@f1                cstackBANK0  00051
___fltol@sign1             cstackBANK0  0005A
___int_sp                  stack        00000
___latbits                 (abs)        00002
___lldiv                   text17       01B5F
___lldiv@counter           cstackCOMMON 0007D
___lldiv@dividend          cstackCOMMON 00074
___lldiv@divisor           cstackCOMMON 00070
___lldiv@quotient          cstackCOMMON 00079
___llmod                   text16       01001
___llmod@counter           cstackBANK0  00029
___llmod@dividend          cstackBANK0  00024
___llmod@divisor           cstackBANK0  00020
___lwdiv                   text9        01A74
___lwdiv@counter           cstackCOMMON 0007D
___lwdiv@dividend          cstackCOMMON 00078
___lwdiv@divisor           cstackCOMMON 00076
___lwdiv@quotient          cstackCOMMON 0007B
___lwmod                   text8        019B7
___lwmod@counter           cstackCOMMON 00075
___lwmod@dividend          cstackCOMMON 00072
___lwmod@divisor           cstackCOMMON 00070
___sp                      stack        00000
___stackhi                 (abs)        00000
___stacklo                 (abs)        00000
___wmul                    text15       01992
___wmul@multiplicand       cstackCOMMON 00072
___wmul@multiplier         cstackCOMMON 00070
___wmul@product            cstackCOMMON 00074
___xxtofl                  text14       01D3B
___xxtofl@arg              cstackCOMMON 0007A
___xxtofl@exp              cstackCOMMON 00079
___xxtofl@sign             cstackCOMMON 00078
___xxtofl@val              cstackCOMMON 00070
__div_to_l_                text13       000FC
__div_to_l_@cntr           cstackBANK0  00024
__div_to_l_@exp1           cstackBANK0  00025
__div_to_l_@f1             cstackCOMMON 00070
__div_to_l_@f2             cstackCOMMON 00074
__div_to_l_@quot           cstackBANK0  00020
__end_of_INIT_UART         text35       018FF
__end_of_Lcd_Clear         text32       018C4
__end_of_Lcd_Cmd           text33       0192F
__end_of_Lcd_Init          text31       01A32
__end_of_Lcd_Port          text34       0189B
__end_of_Lcd_Set_Cursor    text30       0196E
__end_of_Lcd_Write_Char    text29       0194A
__end_of_Lcd_Write_String  text28       01A74
__end_of__Umul8_16         text11       000FC
__end_of___awdiv           text5        01C2E
__end_of___awmod           text4        01B5F
__end_of___fladd           text20       0153B
__end_of___fleq            text23       01B06
__end_of___flge            text22       01D3B
__end_of___flmul           text10       01000
__end_of___flneg           text21       018B7
__end_of___flsub           text19       01992
__end_of___fltol           text18       00883
__end_of___lldiv           text17       01BC5
__end_of___llmod           text16       01057
__end_of___lwdiv           text9        01AB8
__end_of___lwmod           text8        019F1
__end_of___wmul            text15       019B7
__end_of___xxtofl          text14       01DF5
__end_of__div_to_l_        text13       001BA
__end_of__initialization   cinit        007FC
__end_of__npowers_         strings      0007B
__end_of__powers_          strings      00047
__end_of__stringtab        strings      00013
__end_of__tdiv_to_l_       text12       00940
__end_of_dpowers           strings      000A3
__end_of_fround            text7        02000
__end_of_isdigit           text6        018D6
__end_of_main              maintext     012B3
__end_of_scale             text3        00C9F
__end_of_setup             text27       018EA
__end_of_spiInit           text26       01915
__end_of_spiRead           text24       018AC
__end_of_spiReceiveWait    text25       00807
__end_of_sprintf           text2_split_1 007E3
__end_of_write             text1        01C99
__initialization           cinit        007E3
__npowers_                 strings      00047
__pbssBANK0                bssBANK0     0006E
__pbssBANK1                bssBANK1     000CA
__pbssBANK3                bssBANK3     00190
__pcstackBANK0             cstackBANK0  00020
__pcstackBANK1             cstackBANK1  000A0
__pcstackCOMMON            cstackCOMMON 00070
__pdataBANK0               dataBANK0    0006F
__pidataBANK0              idataBANK0   000D4
__pmaintext                maintext     01057
__powers_                  strings      00013
__pstrings                 strings      00003
__ptext1                   text1        01C2E
__ptext10                  text10       00C9F
__ptext11                  text11       000D5
__ptext12                  text12       00883
__ptext13                  text13       000FC
__ptext14                  text14       01D3B
__ptext15                  text15       01992
__ptext16                  text16       01001
__ptext17                  text17       01B5F
__ptext18                  text18       00807
__ptext19                  text19       0196E
__ptext2                   text2        0153B
__ptext20                  text20       012B3
__ptext21                  text21       018AC
__ptext22                  text22       01C99
__ptext23                  text23       01AB8
__ptext24                  text24       018A3
__ptext25                  text25       00800
__ptext26                  text26       018FF
__ptext27                  text27       018D6
__ptext28                  text28       01A32
__ptext29                  text29       0192F
__ptext3                   text3        00940
__ptext30                  text30       0194A
__ptext31                  text31       019F1
__ptext32                  text32       018B7
__ptext33                  text33       01915
__ptext34                  text34       01895
__ptext35                  text35       018EA
__ptext4                   text4        01B06
__ptext5                   text5        01BC5
__ptext6                   text6        018C4
__ptext7                   text7        01DF5
__ptext8                   text8        019B7
__ptext9                   text9        01A74
__size_of_INIT_UART        (abs)        00000
__size_of_Lcd_Clear        (abs)        00000
__size_of_Lcd_Cmd          (abs)        00000
__size_of_Lcd_Init         (abs)        00000
__size_of_Lcd_Port         (abs)        00000
__size_of_Lcd_Set_Cursor   (abs)        00000
__size_of_Lcd_Write_Char   (abs)        00000
__size_of_Lcd_Write_String (abs)        00000
__size_of__Umul8_16        (abs)        00000
__size_of___awdiv          (abs)        00000
__size_of___awmod          (abs)        00000
__size_of___fladd          (abs)        00000
__size_of___fleq           (abs)        00000
__size_of___flge           (abs)        00000
__size_of___flmul          (abs)        00000
__size_of___flneg          (abs)        00000
__size_of___flsub          (abs)        00000
__size_of___fltol          (abs)        00000
__size_of___lldiv          (abs)        00000
__size_of___llmod          (abs)        00000
__size_of___lwdiv          (abs)        00000
__size_of___lwmod          (abs)        00000
__size_of___wmul           (abs)        00000
__size_of___xxtofl         (abs)        00000
__size_of__div_to_l_       (abs)        00000
__size_of__tdiv_to_l_      (abs)        00000
__size_of_fround           (abs)        00000
__size_of_isdigit          (abs)        00000
__size_of_main             (abs)        00000
__size_of_scale            (abs)        00000
__size_of_setup            (abs)        00000
__size_of_spiInit          (abs)        00000
__size_of_spiRead          (abs)        00000
__size_of_spiReceiveWait   (abs)        00000
__size_of_sprintf          (abs)        00000
__size_of_write            (abs)        00000
__stringbase               strings      00012
__stringtab                strings      00003
__tdiv_to_l_               text12       00883
__tdiv_to_l_@cntr          cstackBANK0  00024
__tdiv_to_l_@exp1          cstackBANK0  00025
__tdiv_to_l_@f1            cstackCOMMON 00070
__tdiv_to_l_@f2            cstackCOMMON 00074
__tdiv_to_l_@quot          cstackBANK0  00020
_adc                       bssBANK1     000D8
_c                         bssBANK3     00190
_count                     bssBANK1     000ED
_dpowers                   strings      0007B
_fround                    text7        01DF5
_fround$1251               cstackBANK0  0004D
_fround$1252               cstackBANK0  00049
_isdigit                   text6        018C4
_isdigit$1058              cstackCOMMON 00070
_l                         bssBANK3     001A4
_lmm                       bssBANK1     000EE
_main                      maintext     01057
_n                         bssBANK1     000CA
_p                         bssBANK1     000CE
_s                         bssBANK1     000D9
_scale                     text3        00940
_scale$1253                cstackBANK0  0004C
_setup                     text27       018D6
_spiInit                   text26       018FF
_spiRead                   text24       018A3
_spiReceiveWait            text25       00800
_sprintf                   text2        0153B
_sprintf$1254              cstackBANK1  000AC
_write                     text1        01C2E
_x                         bssBANK1     000D2
btemp                      (abs)        0007E
clear_ram0                 clrtext      0189B
end_of_initialization      cinit        007FC
fround@prec                cstackBANK0  00051
intlevel0                  functab      00000
intlevel1                  functab      00000
intlevel2                  functab      00000
intlevel3                  functab      00000
intlevel4                  functab      00000
intlevel5                  functab      00000
isdigit@c                  cstackCOMMON 00071
pnum$text2                 (abs)        0000F
pnum$text2_split_1         (abs)        00032
psplit$0                   (abs)        F0032
reset_vec                  reset_vec    00000
scale@scl                  cstackBANK0  00050
spiInit@sClockIdle         cstackCOMMON 00071
spiInit@sDataSample        cstackCOMMON 00070
spiInit@sTransmitEdge      cstackCOMMON 00072
spiInit@sType              cstackCOMMON 00073
sprintf@ap                 cstackBANK1  000B0
sprintf@c                  cstackBANK1  000C5
sprintf@eexp               cstackBANK1  000BD
sprintf@f                  cstackBANK1  000A2
sprintf@flag               cstackBANK1  000B1
sprintf@fval               cstackBANK1  000BF
sprintf@prec               cstackBANK1  000C3
sprintf@sp                 cstackBANK1  000A0
sprintf@tmpval             cstackBANK1  000B5
sprintf@val                cstackBANK1  000B9
sprintf@width              cstackBANK1  000B3
start                      init         00000
start_initialization       cinit        007E3
write@entrada              cstackCOMMON 00070
wtemp0                     (abs)        0007E


FUNCTION INFORMATION:

 *************** function _main *****************
 Defined at:
		line 102 in file "main.c"
 Parameters:    Size  Location     Type
		None
 Auto vars:     Size  Location     Type
		None
 Return value:  Size  Location     Type
                  1    wreg      void 
 Registers used:
		wreg, fsr0l, fsr0h, status,2, status,0, btemp+1, pclath, cstack
 Tracked objects:
		On entry : 
		On exit  : 
		Unchanged: 
 Data sizes:     COMMON   BANK0   BANK1   BANK3   BANK2
      Params:         0       0       0       0       0
      Locals:         0       0       0       0       0
      Temps:          0       0       4       0       0
      Totals:         0       0       4       0       0
Total ram usage:        4 bytes
 Hardware stack levels required when called:    4
 This function calls:
		_INIT_UART
		_Lcd_Clear
		_Lcd_Init
		_Lcd_Set_Cursor
		_Lcd_Write_String
		___flmul
		___xxtofl
		_setup
		_spiInit
		_spiRead
		_sprintf
		_write
 This function is called by:
		Startup code after reset
 This function uses a non-reentrant model


 *************** function _write *****************
 Defined at:
		line 24 in file "UART.c"
 Parameters:    Size  Location     Type
  entrada         2    0[COMMON] PTR unsigned char 
		 -> RAM(512), l(20), STR_4(4), c(20), 
		 -> STR_3(4), s(20), STR_2(4), 
 Auto vars:     Size  Location     Type
		None
 Return value:  Size  Location     Type
                  1    wreg      void 
 Registers used:
		wreg, fsr0l, fsr0h, btemp+1, pclath
 Tracked objects:
		On entry : 
		On exit  : 
		Unchanged: 
 Data sizes:     COMMON   BANK0   BANK1   BANK3   BANK2
      Params:         2       0       0       0       0
      Locals:         0       0       0       0       0
      Temps:          2       0       0       0       0
      Totals:         4       0       0       0       0
Total ram usage:        4 bytes
 Hardware stack levels used:    2
 This function calls:
		Nothing
 This function is called by:
		_main
 This function uses a non-reentrant model


 *************** function _sprintf *****************
 Defined at:
		line 505 in file "C:\Program Files\Microchip\xc8\v2.31\pic\sources\c90\common\doprnt.c"
 Parameters:    Size  Location     Type
  sp              2    0[BANK1 ] PTR unsigned char 
		 -> l(20), c(20), s(20), 
  f               1    2[BANK1 ] PTR const unsigned char 
		 -> STR_7(7), STR_6(3), STR_5(7), 
 Auto vars:     Size  Location     Type
  fval            4   31[BANK1 ] PTR const unsigned char 
  val             4   25[BANK1 ] unsigned long 
  tmpval          4   21[BANK1 ] struct .
  prec            2   35[BANK1 ] int 
  eexp            2   29[BANK1 ] int 
  width           2   19[BANK1 ] int 
  flag            2   17[BANK1 ] unsigned short 
  cp              2    0        PTR const unsigned char 
  len             2    0        unsigned int 
  c               1   37[BANK1 ] unsigned char 
  ap              1   16[BANK1 ] PTR void [1]
		 -> ?_sprintf(2), 
  d               1    0        unsigned char 
 Return value:  Size  Location     Type
                  2    0[BANK1 ] int 
 Registers used:
		wreg, fsr0l, fsr0h, status,2, status,0, btemp+1, pclath, cstack
 Tracked objects:
		On entry : 
		On exit  : 
		Unchanged: 
 Data sizes:     COMMON   BANK0   BANK1   BANK3   BANK2
      Params:         0       0       7       0       0
      Locals:         0       0      26       0       0
      Temps:          0       0       5       0       0
      Totals:         0       0      38       0       0
Total ram usage:       38 bytes
 Hardware stack levels used:    1
 Hardware stack levels required when called:    3
 This function calls:
		___awdiv
		___fladd
		___fleq
		___flge
		___flmul
		___flneg
		___flsub
		___fltol
		___lldiv
		___llmod
		___wmul
		___xxtofl
		__div_to_l_
		__tdiv_to_l_
		_fround
		_isdigit
		_scale
 This function is called by:
		_main
 This function uses a non-reentrant model


 *************** function _scale *****************
 Defined at:
		line 433 in file "C:\Program Files\Microchip\xc8\v2.31\pic\sources\c90\common\doprnt.c"
 Parameters:    Size  Location     Type
  scl             1    wreg     char 
 Auto vars:     Size  Location     Type
  scl             1   48[BANK0 ] char 
 Return value:  Size  Location     Type
                  4   30[BANK0 ] char 
 Registers used:
		wreg, fsr0l, fsr0h, status,2, status,0, btemp+1, pclath, cstack
 Tracked objects:
		On entry : 
		On exit  : 
		Unchanged: 
 Data sizes:     COMMON   BANK0   BANK1   BANK3   BANK2
      Params:         0       4       0       0       0
      Locals:         0       5       0       0       0
      Temps:          0      10       0       0       0
      Totals:         0      19       0       0       0
Total ram usage:       19 bytes
 Hardware stack levels used:    1
 Hardware stack levels required when called:    2
 This function calls:
		___awdiv
		___awmod
		___flmul
 This function is called by:
		_sprintf
 This function uses a non-reentrant model


 *************** function ___awmod *****************
 Defined at:
		line 5 in file "C:\Program Files\Microchip\xc8\v2.31\pic\sources\c90\common\awmod.c"
 Parameters:    Size  Location     Type
  divisor         2    0[COMMON] int 
  dividend        2    2[COMMON] int 
 Auto vars:     Size  Location     Type
  sign            1    6[COMMON] unsigned char 
  counter         1    5[COMMON] unsigned char 
 Return value:  Size  Location     Type
                  2    0[COMMON] int 
 Registers used:
		wreg, status,2, status,0
 Tracked objects:
		On entry : 
		On exit  : 
		Unchanged: 
 Data sizes:     COMMON   BANK0   BANK1   BANK3   BANK2
      Params:         4       0       0       0       0
      Locals:         2       0       0       0       0
      Temps:          1       0       0       0       0
      Totals:         7       0       0       0       0
Total ram usage:        7 bytes
 Hardware stack levels used:    1
 This function calls:
		Nothing
 This function is called by:
		_scale
 This function uses a non-reentrant model


 *************** function ___awdiv *****************
 Defined at:
		line 5 in file "C:\Program Files\Microchip\xc8\v2.31\pic\sources\c90\common\awdiv.c"
 Parameters:    Size  Location     Type
  divisor         2    7[COMMON] int 
  dividend        2    9[COMMON] int 
 Auto vars:     Size  Location     Type
  quotient        2    2[BANK0 ] int 
  sign            1    1[BANK0 ] unsigned char 
  counter         1    0[BANK0 ] unsigned char 
 Return value:  Size  Location     Type
                  2    7[COMMON] int 
 Registers used:
		wreg, status,2, status,0
 Tracked objects:
		On entry : 
		On exit  : 
		Unchanged: 
 Data sizes:     COMMON   BANK0   BANK1   BANK3   BANK2
      Params:         4       0       0       0       0
      Locals:         0       4       0       0       0
      Temps:          1       0       0       0       0
      Totals:         5       4       0       0       0
Total ram usage:        9 bytes
 Hardware stack levels used:    1
 This function calls:
		Nothing
 This function is called by:
		_scale
		_sprintf
 This function uses a non-reentrant model


 *************** function _isdigit *****************
 Defined at:
		line 8 in file "C:\Program Files\Microchip\xc8\v2.31\pic\sources\c90\common\isdigit.c"
 Parameters:    Size  Location     Type
  c               1    wreg     unsigned char 
 Auto vars:     Size  Location     Type
  c               1    1[COMMON] unsigned char 
 Return value:  Size  Location     Type
		None               void
 Registers used:
		wreg, status,2, status,0
 Tracked objects:
		On entry : 
		On exit  : 
		Unchanged: 
 Data sizes:     COMMON   BANK0   BANK1   BANK3   BANK2
      Params:         0       0       0       0       0
      Locals:         2       0       0       0       0
      Temps:          0       0       0       0       0
      Totals:         2       0       0       0       0
Total ram usage:        2 bytes
 Hardware stack levels used:    1
 This function calls:
		Nothing
 This function is called by:
		_sprintf
 This function uses a non-reentrant model


 *************** function _fround *****************
 Defined at:
		line 417 in file "C:\Program Files\Microchip\xc8\v2.31\pic\sources\c90\common\doprnt.c"
 Parameters:    Size  Location     Type
  prec            1    wreg     unsigned char 
 Auto vars:     Size  Location     Type
  prec            1   49[BANK0 ] unsigned char 
 Return value:  Size  Location     Type
                  4   30[BANK0 ] unsigned char 
 Registers used:
		wreg, fsr0l, fsr0h, status,2, status,0, btemp+1, pclath, cstack
 Tracked objects:
		On entry : 
		On exit  : 
		Unchanged: 
 Data sizes:     COMMON   BANK0   BANK1   BANK3   BANK2
      Params:         0       4       0       0       0
      Locals:         0       9       0       0       0
      Temps:          0       7       0       0       0
      Totals:         0      20       0       0       0
Total ram usage:       20 bytes
 Hardware stack levels used:    1
 Hardware stack levels required when called:    2
 This function calls:
		___flmul
		___lwdiv
		___lwmod
 This function is called by:
		_sprintf
 This function uses a non-reentrant model


 *************** function ___lwmod *****************
 Defined at:
		line 5 in file "C:\Program Files\Microchip\xc8\v2.31\pic\sources\c90\common\lwmod.c"
 Parameters:    Size  Location     Type
  divisor         2    0[COMMON] unsigned int 
  dividend        2    2[COMMON] unsigned int 
 Auto vars:     Size  Location     Type
  counter         1    5[COMMON] unsigned char 
 Return value:  Size  Location     Type
                  2    0[COMMON] unsigned int 
 Registers used:
		wreg, status,2, status,0
 Tracked objects:
		On entry : 
		On exit  : 
		Unchanged: 
 Data sizes:     COMMON   BANK0   BANK1   BANK3   BANK2
      Params:         4       0       0       0       0
      Locals:         1       0       0       0       0
      Temps:          1       0       0       0       0
      Totals:         6       0       0       0       0
Total ram usage:        6 bytes
 Hardware stack levels used:    1
 This function calls:
		Nothing
 This function is called by:
		_fround
 This function uses a non-reentrant model


 *************** function ___lwdiv *****************
 Defined at:
		line 5 in file "C:\Program Files\Microchip\xc8\v2.31\pic\sources\c90\common\lwdiv.c"
 Parameters:    Size  Location     Type
  divisor         2    6[COMMON] unsigned int 
  dividend        2    8[COMMON] unsigned int 
 Auto vars:     Size  Location     Type
  quotient        2   11[COMMON] unsigned int 
  counter         1   13[COMMON] unsigned char 
 Return value:  Size  Location     Type
                  2    6[COMMON] unsigned int 
 Registers used:
		wreg, status,2, status,0
 Tracked objects:
		On entry : 
		On exit  : 
		Unchanged: 
 Data sizes:     COMMON   BANK0   BANK1   BANK3   BANK2
      Params:         4       0       0       0       0
      Locals:         3       0       0       0       0
      Temps:          1       0       0       0       0
      Totals:         8       0       0       0       0
Total ram usage:        8 bytes
 Hardware stack levels used:    1
 This function calls:
		Nothing
 This function is called by:
		_fround
 This function uses a non-reentrant model


 *************** function ___flmul *****************
 Defined at:
		line 8 in file "C:\Program Files\Microchip\xc8\v2.31\pic\sources\c90\common\sprcmul.c"
 Parameters:    Size  Location     Type
  b               4    4[BANK0 ] unsigned int 
  a               4    8[BANK0 ] unsigned int 
 Auto vars:     Size  Location     Type
  prod            4   24[BANK0 ] struct .
  grs             4   18[BANK0 ] unsigned long 
  temp            2   28[BANK0 ] struct .
  bexp            1   23[BANK0 ] unsigned char 
  aexp            1   22[BANK0 ] unsigned char 
  sign            1   17[BANK0 ] unsigned char 
 Return value:  Size  Location     Type
                  4    4[BANK0 ] unsigned char 
 Registers used:
		wreg, status,2, status,0, btemp+1, pclath, cstack
 Tracked objects:
		On entry : 
		On exit  : 
		Unchanged: 
 Data sizes:     COMMON   BANK0   BANK1   BANK3   BANK2
      Params:         0       8       0       0       0
      Locals:         0      13       0       0       0
      Temps:          0       5       0       0       0
      Totals:         0      26       0       0       0
Total ram usage:       26 bytes
 Hardware stack levels used:    1
 Hardware stack levels required when called:    1
 This function calls:
		__Umul8_16
 This function is called by:
		_main
		_fround
		_scale
		_sprintf
 This function uses a non-reentrant model


 *************** function __Umul8_16 *****************
 Defined at:
		line 4 in file "C:\Program Files\Microchip\xc8\v2.31\pic\sources\c90\common\Umul8_16.c"
 Parameters:    Size  Location     Type
  multiplier      1    wreg     unsigned char 
  multiplicand    1    0[COMMON] unsigned char 
 Auto vars:     Size  Location     Type
  multiplier      1    8[COMMON] unsigned char 
  word_mpld       2    6[COMMON] unsigned int 
  product         2    4[COMMON] unsigned int 
 Return value:  Size  Location     Type
                  2    0[COMMON] unsigned int 
 Registers used:
		wreg, status,2, status,0
 Tracked objects:
		On entry : 
		On exit  : 
		Unchanged: 
 Data sizes:     COMMON   BANK0   BANK1   BANK3   BANK2
      Params:         2       0       0       0       0
      Locals:         5       0       0       0       0
      Temps:          2       0       0       0       0
      Totals:         9       0       0       0       0
Total ram usage:        9 bytes
 Hardware stack levels used:    1
 This function calls:
		Nothing
 This function is called by:
		___flmul
 This function uses a non-reentrant model


 *************** function __tdiv_to_l_ *****************
 Defined at:
		line 60 in file "C:\Program Files\Microchip\xc8\v2.31\pic\sources\c90\common\ftdivl.c"
 Parameters:    Size  Location     Type
  f1              4    0[COMMON] float 
  f2              4    4[COMMON] float 
 Auto vars:     Size  Location     Type
  quot            4    0[BANK0 ] unsigned long 
  exp1            1    5[BANK0 ] unsigned char 
  cntr            1    4[BANK0 ] unsigned char 
 Return value:  Size  Location     Type
                  4    0[COMMON] unsigned long 
 Registers used:
		wreg, status,2, status,0
 Tracked objects:
		On entry : 
		On exit  : 
		Unchanged: 
 Data sizes:     COMMON   BANK0   BANK1   BANK3   BANK2
      Params:         8       0       0       0       0
      Locals:         0       6       0       0       0
      Temps:          4       0       0       0       0
      Totals:        12       6       0       0       0
Total ram usage:       18 bytes
 Hardware stack levels used:    1
 This function calls:
		Nothing
 This function is called by:
		_sprintf
 This function uses a non-reentrant model


 *************** function __div_to_l_ *****************
 Defined at:
		line 60 in file "C:\Program Files\Microchip\xc8\v2.31\pic\sources\c90\common\fldivl.c"
 Parameters:    Size  Location     Type
  f1              4    0[COMMON] unsigned long 
  f2              4    4[COMMON] unsigned long 
 Auto vars:     Size  Location     Type
  quot            4    0[BANK0 ] unsigned long 
  exp1            1    5[BANK0 ] unsigned char 
  cntr            1    4[BANK0 ] unsigned char 
 Return value:  Size  Location     Type
                  4    0[COMMON] unsigned long 
 Registers used:
		wreg, status,2, status,0
 Tracked objects:
		On entry : 
		On exit  : 
		Unchanged: 
 Data sizes:     COMMON   BANK0   BANK1   BANK3   BANK2
      Params:         8       0       0       0       0
      Locals:         0       6       0       0       0
      Temps:          1       0       0       0       0
      Totals:         9       6       0       0       0
Total ram usage:       15 bytes
 Hardware stack levels used:    1
 This function calls:
		Nothing
 This function is called by:
		_sprintf
 This function uses a non-reentrant model


 *************** function ___xxtofl *****************
 Defined at:
		line 10 in file "C:\Program Files\Microchip\xc8\v2.31\pic\sources\c90\common\xxtofl.c"
 Parameters:    Size  Location     Type
  sign            1    wreg     unsigned char 
  val             4    0[COMMON] long 
 Auto vars:     Size  Location     Type
  sign            1    8[COMMON] unsigned char 
  arg             4   10[COMMON] unsigned long 
  exp             1    9[COMMON] unsigned char 
 Return value:  Size  Location     Type
                  4    0[COMMON] unsigned char 
 Registers used:
		wreg, status,2, status,0
 Tracked objects:
		On entry : 
		On exit  : 
		Unchanged: 
 Data sizes:     COMMON   BANK0   BANK1   BANK3   BANK2
      Params:         4       0       0       0       0
      Locals:         6       0       0       0       0
      Temps:          4       0       0       0       0
      Totals:        14       0       0       0       0
Total ram usage:       14 bytes
 Hardware stack levels used:    1
 This function calls:
		Nothing
 This function is called by:
		_main
		_sprintf
 This function uses a non-reentrant model


 *************** function ___wmul *****************
 Defined at:
		line 15 in file "C:\Program Files\Microchip\xc8\v2.31\pic\sources\c90\common\Umul16.c"
 Parameters:    Size  Location     Type
  multiplier      2    0[COMMON] unsigned int 
  multiplicand    2    2[COMMON] unsigned int 
 Auto vars:     Size  Location     Type
  product         2    4[COMMON] unsigned int 
 Return value:  Size  Location     Type
                  2    0[COMMON] unsigned int 
 Registers used:
		wreg, status,2, status,0
 Tracked objects:
		On entry : 
		On exit  : 
		Unchanged: 
 Data sizes:     COMMON   BANK0   BANK1   BANK3   BANK2
      Params:         4       0       0       0       0
      Locals:         2       0       0       0       0
      Temps:          0       0       0       0       0
      Totals:         6       0       0       0       0
Total ram usage:        6 bytes
 Hardware stack levels used:    1
 This function calls:
		Nothing
 This function is called by:
		_sprintf
 This function uses a non-reentrant model


 *************** function ___llmod *****************
 Defined at:
		line 5 in file "C:\Program Files\Microchip\xc8\v2.31\pic\sources\c90\common\llmod.c"
 Parameters:    Size  Location     Type
  divisor         4    0[BANK0 ] unsigned long 
  dividend        4    4[BANK0 ] unsigned long 
 Auto vars:     Size  Location     Type
  counter         1    9[BANK0 ] unsigned char 
 Return value:  Size  Location     Type
                  4    0[BANK0 ] unsigned long 
 Registers used:
		wreg, status,2, status,0
 Tracked objects:
		On entry : 
		On exit  : 
		Unchanged: 
 Data sizes:     COMMON   BANK0   BANK1   BANK3   BANK2
      Params:         0       8       0       0       0
      Locals:         0       1       0       0       0
      Temps:          0       1       0       0       0
      Totals:         0      10       0       0       0
Total ram usage:       10 bytes
 Hardware stack levels used:    1
 This function calls:
		Nothing
 This function is called by:
		_sprintf
 This function uses a non-reentrant model


 *************** function ___lldiv *****************
 Defined at:
		line 5 in file "C:\Program Files\Microchip\xc8\v2.31\pic\sources\c90\common\__lldiv.c"
 Parameters:    Size  Location     Type
  divisor         4    0[COMMON] unsigned long 
  dividend        4    4[COMMON] unsigned long 
 Auto vars:     Size  Location     Type
  quotient        4    9[COMMON] unsigned long 
  counter         1   13[COMMON] unsigned char 
 Return value:  Size  Location     Type
                  4    0[COMMON] unsigned long 
 Registers used:
		wreg, status,2, status,0
 Tracked objects:
		On entry : 
		On exit  : 
		Unchanged: 
 Data sizes:     COMMON   BANK0   BANK1   BANK3   BANK2
      Params:         8       0       0       0       0
      Locals:         5       0       0       0       0
      Temps:          1       0       0       0       0
      Totals:        14       0       0       0       0
Total ram usage:       14 bytes
 Hardware stack levels used:    1
 This function calls:
		Nothing
 This function is called by:
		_sprintf
 This function uses a non-reentrant model


 *************** function ___fltol *****************
 Defined at:
		line 43 in file "C:\Program Files\Microchip\xc8\v2.31\pic\sources\c90\common\fltol.c"
 Parameters:    Size  Location     Type
  f1              4   49[BANK0 ] unsigned long 
 Auto vars:     Size  Location     Type
  exp1            1   59[BANK0 ] unsigned char 
  sign1           1   58[BANK0 ] unsigned char 
 Return value:  Size  Location     Type
                  4   49[BANK0 ] long 
 Registers used:
		wreg, status,2, status,0
 Tracked objects:
		On entry : 
		On exit  : 
		Unchanged: 
 Data sizes:     COMMON   BANK0   BANK1   BANK3   BANK2
      Params:         0       4       0       0       0
      Locals:         0       2       0       0       0
      Temps:          0       5       0       0       0
      Totals:         0      11       0       0       0
Total ram usage:       11 bytes
 Hardware stack levels used:    1
 This function calls:
		Nothing
 This function is called by:
		_sprintf
 This function uses a non-reentrant model


 *************** function ___flsub *****************
 Defined at:
		line 242 in file "C:\Program Files\Microchip\xc8\v2.31\pic\sources\c90\common\sprcadd.c"
 Parameters:    Size  Location     Type
  a               4   70[BANK0 ] long 
  b               4   74[BANK0 ] long 
 Auto vars:     Size  Location     Type
		None
 Return value:  Size  Location     Type
                  4   70[BANK0 ] long 
 Registers used:
		wreg, status,2, status,0, btemp+1, pclath, cstack
 Tracked objects:
		On entry : 
		On exit  : 
		Unchanged: 
 Data sizes:     COMMON   BANK0   BANK1   BANK3   BANK2
      Params:         0       8       0       0       0
      Locals:         0       0       0       0       0
      Temps:          0       0       0       0       0
      Totals:         0       8       0       0       0
Total ram usage:        8 bytes
 Hardware stack levels used:    1
 Hardware stack levels required when called:    1
 This function calls:
		___fladd
 This function is called by:
		_sprintf
 This function uses a non-reentrant model


 *************** function ___fladd *****************
 Defined at:
		line 10 in file "C:\Program Files\Microchip\xc8\v2.31\pic\sources\c90\common\sprcadd.c"
 Parameters:    Size  Location     Type
  b               4   50[BANK0 ] long 
  a               4   54[BANK0 ] long 
 Auto vars:     Size  Location     Type
  grs             1   69[BANK0 ] unsigned char 
  bexp            1   68[BANK0 ] unsigned char 
  aexp            1   67[BANK0 ] unsigned char 
  signs           1   66[BANK0 ] unsigned char 
 Return value:  Size  Location     Type
                  4   50[BANK0 ] unsigned char 
 Registers used:
		wreg, status,2, status,0, btemp+1
 Tracked objects:
		On entry : 
		On exit  : 
		Unchanged: 
 Data sizes:     COMMON   BANK0   BANK1   BANK3   BANK2
      Params:         0       8       0       0       0
      Locals:         0       4       0       0       0
      Temps:          0       8       0       0       0
      Totals:         0      20       0       0       0
Total ram usage:       20 bytes
 Hardware stack levels used:    1
 This function calls:
		Nothing
 This function is called by:
		_sprintf
		___flsub
 This function uses a non-reentrant model


 *************** function ___flneg *****************
 Defined at:
		line 15 in file "C:\Program Files\Microchip\xc8\v2.31\pic\sources\c90\common\flneg.c"
 Parameters:    Size  Location     Type
  f1              4    0[COMMON] unsigned char 
 Auto vars:     Size  Location     Type
		None
 Return value:  Size  Location     Type
                  4    0[COMMON] unsigned char 
 Registers used:
		wreg
 Tracked objects:
		On entry : 
		On exit  : 
		Unchanged: 
 Data sizes:     COMMON   BANK0   BANK1   BANK3   BANK2
      Params:         4       0       0       0       0
      Locals:         0       0       0       0       0
      Temps:          0       0       0       0       0
      Totals:         4       0       0       0       0
Total ram usage:        4 bytes
 Hardware stack levels used:    1
 This function calls:
		Nothing
 This function is called by:
		_sprintf
 This function uses a non-reentrant model


 *************** function ___flge *****************
 Defined at:
		line 4 in file "C:\Program Files\Microchip\xc8\v2.31\pic\sources\c90\common\flge.c"
 Parameters:    Size  Location     Type
  ff1             4    0[COMMON] unsigned char 
  ff2             4    4[COMMON] unsigned char 
 Auto vars:     Size  Location     Type
		None
 Return value:  Size  Location     Type
		None               void
 Registers used:
		wreg, status,2, status,0
 Tracked objects:
		On entry : 
		On exit  : 
		Unchanged: 
 Data sizes:     COMMON   BANK0   BANK1   BANK3   BANK2
      Params:         8       0       0       0       0
      Locals:         0       0       0       0       0
      Temps:          4       0       0       0       0
      Totals:        12       0       0       0       0
Total ram usage:       12 bytes
 Hardware stack levels used:    1
 This function calls:
		Nothing
 This function is called by:
		_sprintf
 This function uses a non-reentrant model


 *************** function ___fleq *****************
 Defined at:
		line 4 in file "C:\Program Files\Microchip\xc8\v2.31\pic\sources\c90\common\fleq.c"
 Parameters:    Size  Location     Type
  ff1             4    0[COMMON] unsigned char 
  ff2             4    4[COMMON] unsigned char 
 Auto vars:     Size  Location     Type
		None
 Return value:  Size  Location     Type
		None               void
 Registers used:
		wreg, status,2, status,0
 Tracked objects:
		On entry : 
		On exit  : 
		Unchanged: 
 Data sizes:     COMMON   BANK0   BANK1   BANK3   BANK2
      Params:         8       0       0       0       0
      Locals:         0       0       0       0       0
      Temps:          4       0       0       0       0
      Totals:        12       0       0       0       0
Total ram usage:       12 bytes
 Hardware stack levels used:    1
 This function calls:
		Nothing
 This function is called by:
		_sprintf
 This function uses a non-reentrant model


 *************** function _spiRead *****************
 Defined at:
		line 47 in file "SPI.c"
 Parameters:    Size  Location     Type
		None
 Auto vars:     Size  Location     Type
		None
 Return value:  Size  Location     Type
                  1    wreg      unsigned char 
 Registers used:
		wreg, status,2, status,0, pclath, cstack
 Tracked objects:
		On entry : 
		On exit  : 
		Unchanged: 
 Data sizes:     COMMON   BANK0   BANK1   BANK3   BANK2
      Params:         0       0       0       0       0
      Locals:         0       0       0       0       0
      Temps:          0       0       0       0       0
      Totals:         0       0       0       0       0
Total ram usage:        0 bytes
 Hardware stack levels used:    1
 Hardware stack levels required when called:    1
 This function calls:
		_spiReceiveWait
 This function is called by:
		_main
 This function uses a non-reentrant model


 *************** function _spiReceiveWait *****************
 Defined at:
		line 29 in file "SPI.c"
 Parameters:    Size  Location     Type
		None
 Auto vars:     Size  Location     Type
		None
 Return value:  Size  Location     Type
                  1    wreg      void 
 Registers used:
		None
 Tracked objects:
		On entry : 
		On exit  : 
		Unchanged: 
 Data sizes:     COMMON   BANK0   BANK1   BANK3   BANK2
      Params:         0       0       0       0       0
      Locals:         0       0       0       0       0
      Temps:          0       0       0       0       0
      Totals:         0       0       0       0       0
Total ram usage:        0 bytes
 Hardware stack levels used:    1
 This function calls:
		Nothing
 This function is called by:
		_spiRead
 This function uses a non-reentrant model


 *************** function _spiInit *****************
 Defined at:
		line 12 in file "SPI.c"
 Parameters:    Size  Location     Type
  sType           1    wreg     enum E1264
  sDataSample     1    0[COMMON] enum E1272
  sClockIdle      1    1[COMMON] enum E1276
  sTransmitEdg    1    2[COMMON] enum E1280
 Auto vars:     Size  Location     Type
  sType           1    3[COMMON] enum E1264
 Return value:  Size  Location     Type
                  1    wreg      void 
 Registers used:
		wreg, status,2, status,0
 Tracked objects:
		On entry : 
		On exit  : 
		Unchanged: 
 Data sizes:     COMMON   BANK0   BANK1   BANK3   BANK2
      Params:         3       0       0       0       0
      Locals:         1       0       0       0       0
      Temps:          0       0       0       0       0
      Totals:         4       0       0       0       0
Total ram usage:        4 bytes
 Hardware stack levels used:    1
 This function calls:
		Nothing
 This function is called by:
		_main
 This function uses a non-reentrant model


 *************** function _setup *****************
 Defined at:
		line 72 in file "main.c"
 Parameters:    Size  Location     Type
		None
 Auto vars:     Size  Location     Type
		None
 Return value:  Size  Location     Type
                  1    wreg      void 
 Registers used:
		wreg, status,2
 Tracked objects:
		On entry : 
		On exit  : 
		Unchanged: 
 Data sizes:     COMMON   BANK0   BANK1   BANK3   BANK2
      Params:         0       0       0       0       0
      Locals:         0       0       0       0       0
      Temps:          0       0       0       0       0
      Totals:         0       0       0       0       0
Total ram usage:        0 bytes
 Hardware stack levels used:    1
 This function calls:
		Nothing
 This function is called by:
		_main
 This function uses a non-reentrant model


 *************** function _Lcd_Write_String *****************
 Defined at:
		line 67 in file "LCD.c"
 Parameters:    Size  Location     Type
  a               2    3[COMMON] PTR unsigned char 
		 -> l(20), c(20), s(20), STR_1(19), 
 Auto vars:     Size  Location     Type
  i               2    8[COMMON] int 
 Return value:  Size  Location     Type
                  1    wreg      void 
 Registers used:
		wreg, fsr0l, fsr0h, status,2, status,0, btemp+1, pclath, cstack
 Tracked objects:
		On entry : 
		On exit  : 
		Unchanged: 
 Data sizes:     COMMON   BANK0   BANK1   BANK3   BANK2
      Params:         2       0       0       0       0
      Locals:         2       0       0       0       0
      Temps:          3       0       0       0       0
      Totals:         7       0       0       0       0
Total ram usage:        7 bytes
 Hardware stack levels used:    1
 Hardware stack levels required when called:    2
 This function calls:
		_Lcd_Write_Char
 This function is called by:
		_main
 This function uses a non-reentrant model


 *************** function _Lcd_Write_Char *****************
 Defined at:
		line 58 in file "LCD.c"
 Parameters:    Size  Location     Type
  a               1    wreg     unsigned char 
 Auto vars:     Size  Location     Type
  a               1    2[COMMON] unsigned char 
 Return value:  Size  Location     Type
                  1    wreg      void 
 Registers used:
		wreg, status,2, status,0, pclath, cstack
 Tracked objects:
		On entry : 
		On exit  : 
		Unchanged: 
 Data sizes:     COMMON   BANK0   BANK1   BANK3   BANK2
      Params:         0       0       0       0       0
      Locals:         1       0       0       0       0
      Temps:          1       0       0       0       0
      Totals:         2       0       0       0       0
Total ram usage:        2 bytes
 Hardware stack levels used:    1
 Hardware stack levels required when called:    1
 This function calls:
		_Lcd_Port
 This function is called by:
		_Lcd_Write_String
 This function uses a non-reentrant model


 *************** function _Lcd_Set_Cursor *****************
 Defined at:
		line 33 in file "LCD.c"
 Parameters:    Size  Location     Type
  a               1    wreg     unsigned char 
  b               1    4[COMMON] unsigned char 
 Auto vars:     Size  Location     Type
  a               1    6[COMMON] unsigned char 
  temp            1    7[COMMON] unsigned char 
 Return value:  Size  Location     Type
                  1    wreg      void 
 Registers used:
		wreg, status,2, status,0, pclath, cstack
 Tracked objects:
		On entry : 
		On exit  : 
		Unchanged: 
 Data sizes:     COMMON   BANK0   BANK1   BANK3   BANK2
      Params:         1       0       0       0       0
      Locals:         2       0       0       0       0
      Temps:          1       0       0       0       0
      Totals:         4       0       0       0       0
Total ram usage:        4 bytes
 Hardware stack levels used:    1
 Hardware stack levels required when called:    2
 This function calls:
		_Lcd_Cmd
 This function is called by:
		_main
 This function uses a non-reentrant model


 *************** function _Lcd_Init *****************
 Defined at:
		line 44 in file "LCD.c"
 Parameters:    Size  Location     Type
		None
 Auto vars:     Size  Location     Type
		None
 Return value:  Size  Location     Type
                  1    wreg      void 
 Registers used:
		wreg, status,2, status,0, pclath, cstack
 Tracked objects:
		On entry : 
		On exit  : 
		Unchanged: 
 Data sizes:     COMMON   BANK0   BANK1   BANK3   BANK2
      Params:         0       0       0       0       0
      Locals:         0       0       0       0       0
      Temps:          2       0       0       0       0
      Totals:         2       0       0       0       0
Total ram usage:        2 bytes
 Hardware stack levels used:    1
 Hardware stack levels required when called:    2
 This function calls:
		_Lcd_Cmd
		_Lcd_Port
 This function is called by:
		_main
 This function uses a non-reentrant model


 *************** function _Lcd_Clear *****************
 Defined at:
		line 28 in file "LCD.c"
 Parameters:    Size  Location     Type
		None
 Auto vars:     Size  Location     Type
		None
 Return value:  Size  Location     Type
                  1    wreg      void 
 Registers used:
		wreg, status,2, status,0, pclath, cstack
 Tracked objects:
		On entry : 
		On exit  : 
		Unchanged: 
 Data sizes:     COMMON   BANK0   BANK1   BANK3   BANK2
      Params:         0       0       0       0       0
      Locals:         0       0       0       0       0
      Temps:          0       0       0       0       0
      Totals:         0       0       0       0       0
Total ram usage:        0 bytes
 Hardware stack levels used:    1
 Hardware stack levels required when called:    2
 This function calls:
		_Lcd_Cmd
 This function is called by:
		_main
 This function uses a non-reentrant model


 *************** function _Lcd_Cmd *****************
 Defined at:
		line 20 in file "LCD.c"
 Parameters:    Size  Location     Type
  a               1    wreg     unsigned char 
 Auto vars:     Size  Location     Type
  a               1    3[COMMON] unsigned char 
 Return value:  Size  Location     Type
                  1    wreg      void 
 Registers used:
		wreg, status,2, status,0, pclath, cstack
 Tracked objects:
		On entry : 
		On exit  : 
		Unchanged: 
 Data sizes:     COMMON   BANK0   BANK1   BANK3   BANK2
      Params:         0       0       0       0       0
      Locals:         1       0       0       0       0
      Temps:          2       0       0       0       0
      Totals:         3       0       0       0       0
Total ram usage:        3 bytes
 Hardware stack levels used:    1
 Hardware stack levels required when called:    1
 This function calls:
		_Lcd_Port
 This function is called by:
		_Lcd_Clear
		_Lcd_Set_Cursor
		_Lcd_Init
 This function uses a non-reentrant model


 *************** function _Lcd_Port *****************
 Defined at:
		line 16 in file "LCD.c"
 Parameters:    Size  Location     Type
  a               1    wreg     unsigned char 
 Auto vars:     Size  Location     Type
  a               1    0[COMMON] unsigned char 
 Return value:  Size  Location     Type
                  1    wreg      void 
 Registers used:
		wreg
 Tracked objects:
		On entry : 
		On exit  : 
		Unchanged: 
 Data sizes:     COMMON   BANK0   BANK1   BANK3   BANK2
      Params:         0       0       0       0       0
      Locals:         1       0       0       0       0
      Temps:          0       0       0       0       0
      Totals:         1       0       0       0       0
Total ram usage:        1 bytes
 Hardware stack levels used:    1
 This function calls:
		Nothing
 This function is called by:
		_Lcd_Cmd
		_Lcd_Init
		_Lcd_Write_Char
 This function uses a non-reentrant model


 *************** function _INIT_UART *****************
 Defined at:
		line 10 in file "UART.c"
 Parameters:    Size  Location     Type
		None
 Auto vars:     Size  Location     Type
		None
 Return value:  Size  Location     Type
                  1    wreg      void 
 Registers used:
		wreg
 Tracked objects:
		On entry : 
		On exit  : 
		Unchanged: 
 Data sizes:     COMMON   BANK0   BANK1   BANK3   BANK2
      Params:         0       0       0       0       0
      Locals:         0       0       0       0       0
      Temps:          0       0       0       0       0
      Totals:         0       0       0       0       0
Total ram usage:        0 bytes
 Hardware stack levels used:    1
 This function calls:
		Nothing
 This function is called by:
		_main
 This function uses a non-reentrant model



MODULE INFORMATION

Module		Function		Class		Link	Load	Size
C:\Program Files\Microchip\xc8\v2.31\pic\sources\c90\common\flneg.c
		___flneg       		CODE           	18AC	0000	11

C:\Program Files\Microchip\xc8\v2.31\pic\sources\c90\common\flneg.c estimated size: 11

C:\Program Files\Microchip\xc8\v2.31\pic\sources\c90\common\flge.c
		___flge        		CODE           	1C99	0000	162

C:\Program Files\Microchip\xc8\v2.31\pic\sources\c90\common\flge.c estimated size: 162

C:\Program Files\Microchip\xc8\v2.31\pic\sources\c90\common\sprcmul.c
		___flmul       		CODE           	0C9F	0000	865

C:\Program Files\Microchip\xc8\v2.31\pic\sources\c90\common\sprcmul.c estimated size: 865

C:\Program Files\Microchip\xc8\v2.31\pic\sources\c90\common\__lldiv.c
		___lldiv       		CODE           	1B5F	0000	102

C:\Program Files\Microchip\xc8\v2.31\pic\sources\c90\common\__lldiv.c estimated size: 102

UART.c
		_INIT_UART     		CODE           	18EA	0000	21
		_write         		CODE           	1C2E	0000	107

UART.c estimated size: 128

C:\Program Files\Microchip\xc8\v2.31\pic\sources\c90\common\Umul8_16.c
		__Umul8_16     		CODE           	00D5	0000	39

C:\Program Files\Microchip\xc8\v2.31\pic\sources\c90\common\Umul8_16.c estimated size: 39

C:\Program Files\Microchip\xc8\v2.31\pic\sources\c90\common\doprnt.c
		_scale         		CODE           	0940	0000	863
		_sprintf       		CODE           	153B	0000	2286
		_fround        		CODE           	1DF5	0000	523

C:\Program Files\Microchip\xc8\v2.31\pic\sources\c90\common\doprnt.c estimated size: 3672

C:\Program Files\Microchip\xc8\v2.31\pic\sources\c90\common\ftdivl.c
		__tdiv_to_l_   		CODE           	0883	0000	189

C:\Program Files\Microchip\xc8\v2.31\pic\sources\c90\common\ftdivl.c estimated size: 189

C:\Program Files\Microchip\xc8\v2.31\pic\sources\c90\common\lwmod.c
		___lwmod       		CODE           	19B7	0000	58

C:\Program Files\Microchip\xc8\v2.31\pic\sources\c90\common\lwmod.c estimated size: 58

C:\Program Files\Microchip\xc8\v2.31\pic\sources\c90\common\awmod.c
		___awmod       		CODE           	1B06	0000	89

C:\Program Files\Microchip\xc8\v2.31\pic\sources\c90\common\awmod.c estimated size: 89

C:\Program Files\Microchip\xc8\v2.31\pic\sources\c90\common\Umul16.c
		___wmul        		CODE           	1992	0000	37

C:\Program Files\Microchip\xc8\v2.31\pic\sources\c90\common\Umul16.c estimated size: 37

C:\Program Files\Microchip\xc8\v2.31\pic\sources\c90\common\llmod.c
		___llmod       		CODE           	1001	0000	86

C:\Program Files\Microchip\xc8\v2.31\pic\sources\c90\common\llmod.c estimated size: 86

C:\Program Files\Microchip\xc8\v2.31\pic\sources\c90\common\isdigit.c
		_isdigit       		CODE           	18C4	0000	18

C:\Program Files\Microchip\xc8\v2.31\pic\sources\c90\common\isdigit.c estimated size: 18

C:\Program Files\Microchip\xc8\v2.31\pic\sources\c90\common\sprcadd.c
		___flsub       		CODE           	196E	0000	36
		___fladd       		CODE           	12B3	0000	648

C:\Program Files\Microchip\xc8\v2.31\pic\sources\c90\common\sprcadd.c estimated size: 684

C:\Program Files\Microchip\xc8\v2.31\pic\sources\c90\common\fleq.c
		___fleq        		CODE           	1AB8	0000	78

C:\Program Files\Microchip\xc8\v2.31\pic\sources\c90\common\fleq.c estimated size: 78

C:\Program Files\Microchip\xc8\v2.31\pic\sources\c90\common\fldivl.c
		__div_to_l_    		CODE           	00FC	0000	190

C:\Program Files\Microchip\xc8\v2.31\pic\sources\c90\common\fldivl.c estimated size: 190

C:\Program Files\Microchip\xc8\v2.31\pic\sources\c90\common\lwdiv.c
		___lwdiv       		CODE           	1A74	0000	68

C:\Program Files\Microchip\xc8\v2.31\pic\sources\c90\common\lwdiv.c estimated size: 68

C:\Program Files\Microchip\xc8\v2.31\pic\sources\c90\common\awdiv.c
		___awdiv       		CODE           	1BC5	0000	105

C:\Program Files\Microchip\xc8\v2.31\pic\sources\c90\common\awdiv.c estimated size: 105

shared
		__stringtab    		STRING         	0003	0000	16
		__powers_      		STRING         	0013	0000	52
		_dpowers       		STRING         	007B	0000	40
		__npowers_     		STRING         	0047	0000	52
		__initialization		CODE           	07E3	0000	25

shared estimated size: 185

C:\Program Files\Microchip\xc8\v2.31\pic\sources\c90\common\fltol.c
		___fltol       		CODE           	0807	0000	124

C:\Program Files\Microchip\xc8\v2.31\pic\sources\c90\common\fltol.c estimated size: 124

C:\Program Files\Microchip\xc8\v2.31\pic\sources\c90\common\xxtofl.c
		___xxtofl      		CODE           	1D3B	0000	186

C:\Program Files\Microchip\xc8\v2.31\pic\sources\c90\common\xxtofl.c estimated size: 186

SPI.c
		_spiInit       		CODE           	18FF	0000	22
		_spiReceiveWait		CODE           	0800	0000	7
		_spiRead       		CODE           	18A3	0000	9

SPI.c estimated size: 38

main.c
		_main          		CODE           	1057	0000	604
		_setup         		CODE           	18D6	0000	20

main.c estimated size: 624

LCD.c
		_Lcd_Write_String		CODE           	1A32	0000	66
		_Lcd_Init      		CODE           	19F1	0000	65
		_Lcd_Write_Char		CODE           	192F	0000	27
		_Lcd_Cmd       		CODE           	1915	0000	26
		_Lcd_Set_Cursor		CODE           	194A	0000	36
		_Lcd_Clear     		CODE           	18B7	0000	13
		_Lcd_Port      		CODE           	1895	0000	6

LCD.c estimated size: 239

