******************************************************************************
                  TI ARM Linker PC v20.2.5                     
******************************************************************************
>> Linked Thu May 13 15:59:46 2021

OUTPUT FILE NAME:   <Lab6.out>
ENTRY POINT SYMBOL: "_c_int00_noargs"  address: 0000098d


MEMORY CONFIGURATION

         name            origin    length      used     unused   attr    fill
----------------------  --------  ---------  --------  --------  ----  --------
  FLASH                 00000000   00040000  00000bee  0003f412  R  X
  SRAM                  20000000   00008000  0000020d  00007df3  RW X


SEGMENT ALLOCATION MAP

run origin  load origin   length   init length attrs members
----------  ----------- ---------- ----------- ----- -------
00000000    00000000    00000bf0   00000bf0    r-x
  00000000    00000000    0000026c   0000026c    r-- .intvecs
  0000026c    0000026c    0000088e   0000088e    r-x .text
  00000afc    00000afc    000000dc   000000dc    r-- .const
  00000bd8    00000bd8    00000018   00000018    r-- .cinit
20000000    20000000    0000020d   00000000    rw-
  20000000    20000000    00000200   00000000    rw- .stack
  20000200    20000200    0000000d   00000000    rw- .data


SECTION ALLOCATION MAP

 output                                  attributes/
section   page    origin      length       input sections
--------  ----  ----------  ----------   ----------------
.intvecs   0    00000000    0000026c     
                  00000000    0000026c     tm4c123gh6pm_startup_ccs.obj (.intvecs)

.text      0    0000026c    0000088e     
                  0000026c    0000015c     main.obj (.text)
                  000003c8    00000132     driverlib.lib : gpio.obj (.text:GPIOPadConfigSet)
                  000004fa    00000002     --HOLE-- [fill = 0]
                  000004fc    00000110                   : sysctl.obj (.text:SysCtlClockGet)
                  0000060c    000000f4                   : sysctl.obj (.text:SysCtlClockSet)
                  00000700    0000009c     rtsv7M4_T_le_v4SPD16_eabi.lib : memcpy_t2.asm.obj (.text)
                  0000079c    00000068     driverlib.lib : interrupt.obj (.text:IntEnable)
                  00000804    00000068     rtsv7M4_T_le_v4SPD16_eabi.lib : copy_decompress_lzss.c.obj (.text:decompress:lzss:__TI_decompress_lzss)
                  0000086c    00000060     driverlib.lib : timer.obj (.text:TimerConfigure)
                  000008cc    00000046                   : uart.obj (.text:UARTConfigSetExpClk)
                  00000912    00000002     --HOLE-- [fill = 0]
                  00000914    00000044     rtsv7M4_T_le_v4SPD16_eabi.lib : autoinit.c.obj (.text:__TI_auto_init_nobinit_nopinit:__TI_auto_init_nobinit_nopinit)
                  00000958    00000034     driverlib.lib : sysctl.obj (.text:SysCtlPeripheralEnable)
                  0000098c    00000034     rtsv7M4_T_le_v4SPD16_eabi.lib : boot_cortex_m.c.obj (.text:_c_int00_noargs:_c_int00_noargs)
                  000009c0    0000002a     driverlib.lib : gpio.obj (.text:GPIODirModeSet)
                  000009ea    00000002     --HOLE-- [fill = 0]
                  000009ec    00000020                   : uart.obj (.text:UARTDisable)
                  00000a0c    00000018                   : gpio.obj (.text:GPIOPinTypeGPIOOutput)
                  00000a24    00000014                   : uart.obj (.text:UARTEnable)
                  00000a38    00000012                   : gpio.obj (.text:GPIOPinTypeUART)
                  00000a4a    00000012                   : timer.obj (.text:TimerLoadSet)
                  00000a5c    00000010                   : interrupt.obj (.text:IntMasterEnable)
                  00000a6c    0000000e                   : timer.obj (.text:TimerEnable)
                  00000a7a    0000000e                   : uart.obj (.text:UARTCharsAvail)
                  00000a88    0000000e     rtsv7M4_T_le_v4SPD16_eabi.lib : copy_decompress_none.c.obj (.text:decompress:none:__TI_decompress_none)
                  00000a96    0000000c     driverlib.lib : cpu.obj (.text:CPUcpsie)
                  00000aa2    0000000c     tm4c123gh6pm_startup_ccs.obj (.text)
                  00000aae    0000000a     driverlib.lib : uart.obj (.text:UARTCharGet)
                  00000ab8    0000000a                   : uart.obj (.text:UARTIntDisable)
                  00000ac2    00000008                   : timer.obj (.text:TimerIntEnable)
                  00000aca    00000008                   : uart.obj (.text:UARTIntEnable)
                  00000ad2    00000006                   : gpio.obj (.text:GPIOPinWrite)
                  00000ad8    00000006                   : sysctl.obj (.text:SysCtlDelay)
                  00000ade    00000006                   : uart.obj (.text:UARTFIFOLevelSet)
                  00000ae4    00000006                   : uart.obj (.text:UARTRxErrorClear)
                  00000aea    00000004                   : timer.obj (.text:TimerIntClear)
                  00000aee    00000004                   : uart.obj (.text:UARTIntClear)
                  00000af2    00000004     rtsv7M4_T_le_v4SPD16_eabi.lib : pre_init.c.obj (.text:_system_pre_init)
                  00000af6    00000004                                   : exit.c.obj (.text:abort:abort)

.const     0    00000afc    000000dc     
                  00000afc    00000070     driverlib.lib : interrupt.obj (.const)
                  00000b6c    0000006c                   : sysctl.obj (.const:g_pui32Xtals)

.cinit     0    00000bd8    00000018     
                  00000bd8    00000008     (__TI_handler_table)
                  00000be0    00000007     (.cinit..data.load) [load image, compression = lzss]
                  00000be7    00000001     --HOLE-- [fill = 0]
                  00000be8    00000008     (__TI_cinit_table)

.init_array 
*          0    00000000    00000000     UNINITIALIZED

.data      0    20000200    0000000d     UNINITIALIZED
                  20000200    0000000d     main.obj (.data)

.stack     0    20000000    00000200     UNINITIALIZED
                  20000000    00000004     rtsv7M4_T_le_v4SPD16_eabi.lib : boot_cortex_m.c.obj (.stack)
                  20000004    000001fc     --HOLE--

__llvm_prf_cnts 
*          0    20000000    00000000     UNINITIALIZED

MODULE SUMMARY

       Module                         code   ro data   rw data
       ------                         ----   -------   -------
    .\
       tm4c123gh6pm_startup_ccs.obj   12     620       0      
       main.obj                       348    0         13     
    +--+------------------------------+------+---------+---------+
       Total:                         360    620       13     
                                                              
    C:/ti/TivaWare_C_Series-2.1.4.178/driverlib/ccs/Debug/driverlib.lib
       sysctl.obj                     574    108       0      
       gpio.obj                       396    0         0      
       interrupt.obj                  120    112       0      
       uart.obj                       180    0         0      
       timer.obj                      140    0         0      
       cpu.obj                        12     0         0      
    +--+------------------------------+------+---------+---------+
       Total:                         1422   220       0      
                                                              
    C:\ti\ccs1030\ccs\tools\compiler\ti-cgt-arm_20.2.5.LTS\lib\rtsv7M4_T_le_v4SPD16_eabi.lib
       memcpy_t2.asm.obj              156    0         0      
       copy_decompress_lzss.c.obj     104    0         0      
       autoinit.c.obj                 68     0         0      
       boot_cortex_m.c.obj            52     0         0      
       copy_decompress_none.c.obj     14     0         0      
       exit.c.obj                     4      0         0      
       pre_init.c.obj                 4      0         0      
    +--+------------------------------+------+---------+---------+
       Total:                         402    0         0      
                                                              
       Stack:                         0      0         512    
       Linker Generated:              0      23        0      
    +--+------------------------------+------+---------+---------+
       Grand Total:                   2184   863       525    


LINKER GENERATED COPY TABLES

__TI_cinit_table @ 00000be8 records: 1, size/record: 8, table size: 8
	.data: load addr=00000be0, load size=00000007 bytes, run addr=20000200, run size=0000000d bytes, compression=lzss


LINKER GENERATED HANDLER TABLE

__TI_handler_table @ 00000bd8 records: 2, size/record: 4, table size: 8
	index: 0, handler: __TI_decompress_lzss
	index: 1, handler: __TI_decompress_none


GLOBAL SYMBOLS: SORTED ALPHABETICALLY BY Name 

address   name                          
-------   ----                          
00000af7  C$$EXIT                       
00000a97  CPUcpsie                      
000009c1  GPIODirModeSet                
000003c9  GPIOPadConfigSet              
00000a0d  GPIOPinTypeGPIOOutput         
00000a39  GPIOPinTypeUART               
00000ad3  GPIOPinWrite                  
0000079d  IntEnable                     
00000a5d  IntMasterEnable               
00000aa3  ResetISR                      
000004fd  SysCtlClockGet                
0000060d  SysCtlClockSet                
00000ad9  SysCtlDelay                   
00000959  SysCtlPeripheralEnable        
00000309  Timer0IntHandler              
0000086d  TimerConfigure                
00000a6d  TimerEnable                   
00000aeb  TimerIntClear                 
00000ac3  TimerIntEnable                
00000a4b  TimerLoadSet                  
00000aaf  UARTCharGet                   
00000a7b  UARTCharsAvail                
000008cd  UARTConfigSetExpClk           
000009ed  UARTDisable                   
00000a25  UARTEnable                    
00000adf  UARTFIFOLevelSet              
00000aef  UARTIntClear                  
00000ab9  UARTIntDisable                
00000acb  UARTIntEnable                 
00000375  UARTIntHandler                
00000ae5  UARTRxErrorClear              
20000200  __STACK_END                   
00000200  __STACK_SIZE                  
20000200  __STACK_TOP                   
00000be8  __TI_CINIT_Base               
00000bf0  __TI_CINIT_Limit              
00000bd8  __TI_Handler_Table_Base       
00000be0  __TI_Handler_Table_Limit      
00000915  __TI_auto_init_nobinit_nopinit
00000805  __TI_decompress_lzss          
00000a89  __TI_decompress_none          
ffffffff  __TI_pprof_out_hndl           
ffffffff  __TI_prof_data_size           
ffffffff  __TI_prof_data_start          
00000000  __TI_static_base__            
00000701  __aeabi_memcpy                
00000701  __aeabi_memcpy4               
00000701  __aeabi_memcpy8               
ffffffff  __binit__                     
ffffffff  __c_args__                    
UNDEFED   __mpu_init                    
20000000  __stack                       
20000000  __start___llvm_prf_cnts       
20000000  __stop___llvm_prf_cnts        
0000098d  _c_int00_noargs               
UNDEFED   _system_post_cinit            
00000af3  _system_pre_init              
00000af7  abort                         
ffffffff  binit                         
00000000  g_pfnVectors                  
20000208  i                             
0000026d  main                          
00000701  memcpy                        
20000200  recibido                      
20000204  recibido2                     
2000020c  verificar                     


GLOBAL SYMBOLS: SORTED BY Symbol Address 

address   name                          
-------   ----                          
00000000  __TI_static_base__            
00000000  g_pfnVectors                  
00000200  __STACK_SIZE                  
0000026d  main                          
00000309  Timer0IntHandler              
00000375  UARTIntHandler                
000003c9  GPIOPadConfigSet              
000004fd  SysCtlClockGet                
0000060d  SysCtlClockSet                
00000701  __aeabi_memcpy                
00000701  __aeabi_memcpy4               
00000701  __aeabi_memcpy8               
00000701  memcpy                        
0000079d  IntEnable                     
00000805  __TI_decompress_lzss          
0000086d  TimerConfigure                
000008cd  UARTConfigSetExpClk           
00000915  __TI_auto_init_nobinit_nopinit
00000959  SysCtlPeripheralEnable        
0000098d  _c_int00_noargs               
000009c1  GPIODirModeSet                
000009ed  UARTDisable                   
00000a0d  GPIOPinTypeGPIOOutput         
00000a25  UARTEnable                    
00000a39  GPIOPinTypeUART               
00000a4b  TimerLoadSet                  
00000a5d  IntMasterEnable               
00000a6d  TimerEnable                   
00000a7b  UARTCharsAvail                
00000a89  __TI_decompress_none          
00000a97  CPUcpsie                      
00000aa3  ResetISR                      
00000aaf  UARTCharGet                   
00000ab9  UARTIntDisable                
00000ac3  TimerIntEnable                
00000acb  UARTIntEnable                 
00000ad3  GPIOPinWrite                  
00000ad9  SysCtlDelay                   
00000adf  UARTFIFOLevelSet              
00000ae5  UARTRxErrorClear              
00000aeb  TimerIntClear                 
00000aef  UARTIntClear                  
00000af3  _system_pre_init              
00000af7  C$$EXIT                       
00000af7  abort                         
00000bd8  __TI_Handler_Table_Base       
00000be0  __TI_Handler_Table_Limit      
00000be8  __TI_CINIT_Base               
00000bf0  __TI_CINIT_Limit              
20000000  __stack                       
20000000  __start___llvm_prf_cnts       
20000000  __stop___llvm_prf_cnts        
20000200  __STACK_END                   
20000200  __STACK_TOP                   
20000200  recibido                      
20000204  recibido2                     
20000208  i                             
2000020c  verificar                     
ffffffff  __TI_pprof_out_hndl           
ffffffff  __TI_prof_data_size           
ffffffff  __TI_prof_data_start          
ffffffff  __binit__                     
ffffffff  __c_args__                    
ffffffff  binit                         
UNDEFED   __mpu_init                    
UNDEFED   _system_post_cinit            

[66 symbols]
